Microchip MPLAB XC8 Compiler V1.36 ()

Linker command line:

--edf=C:\Program Files (x86)\Microchip\xc8\v1.36\dat\en_msgs.txt -cs \
  -h+dist/LPCUSBDK_18F14K50/production\YLE_Synth_Recoder.production.sym \
  --cmf=dist/LPCUSBDK_18F14K50/production\YLE_Synth_Recoder.production.cmf \
  -z -Q18F14K50 -oC:\Users\HIROYU~1\AppData\Local\Temp\s8hk.2 \
  -Mdist/LPCUSBDK_18F14K50/production/YLE_Synth_Recoder.production.map -E1 \
  -ver=XC8 -ASTACK=0CEh-01ffh -pstack=STACK -ACODE=00h-03FFFh \
  -ACONST=00h-03FFFh -ASMALLCONST=0300h-03FFhx61 -AMEDIUMCONST=0300h-03FFFh \
  -ACOMRAM=01h-05Fh -AABS1=00h-02FFh -ABIGRAM=01h-02FFh \
  -ARAM=060h-0FFh,0100h-01FFhx2 -ABANK0=060h-0FFh -ABANK1=0100h-01FFh \
  -ABANK2=0200h-02FFh -ASFR=0F53h-0F5Fh,0F60h-0FFFh \
  -preset_vec=00h,intcode=08h,intcodelo=018h,powerup,init,end_init \
  -pramtop=0300h -psmallconst=SMALLCONST -pmediumconst=MEDIUMCONST \
  -pconst=CONST -AFARRAM=00h-00h -ACONFIG=0300000h-030000Dh -pconfig=CONFIG \
  -AIDLOC=0200000h-0200007h -pidloc=IDLOC -AEEDATA=0F00000h-0F000FFh \
  -peeprom_data=EEDATA \
  -prdata=COMRAM,nvrram=COMRAM,nvbit=COMRAM,rbss=COMRAM,rbit=COMRAM \
  -pfarbss=FARRAM,fardata=FARRAM,nvFARRAM=FARRAM \
  -pintsave_regs=BIGRAM,bigbss=BIGRAM,bigdata=BIGRAM -pbss=RAM \
  -pidata=CODE,irdata=CODE,ibigdata=CODE,ifardata=CODE -prparam=COMRAM \
  C:\Users\HIROYU~1\AppData\Local\Temp\s8hk.obj \
  dist/LPCUSBDK_18F14K50/production\YLE_Synth_Recoder.production.obj 

Object code version is 3.11

Machine type is 18F14K50

Call graph: (short form)




                Name                               Link     Load   Length Selector   Space Scale
C:\Users\HIROYU~1\AppData\Local\Temp\s8hk.obj
                end_init                            2E0      2E0        4        C       0
                reset_vec                             0        0        4        0       0
                idloc                            200000   200000        8   200000       0
                config                           300000   300000        E   300000       0
dist/LPCUSBDK_18F14K50/production\YLE_Synth_Recoder.production.obj
                intcodelo                            18       18      2C8        C       0
                intcode                               8        8        E        4       0
                temp                                 50       50        1        1       1
                mediumconst                        36F0     36F0      910     1B78       0
                intcode_body                       1EA2     1EA2       6C        C       0
                text38                             1D18     1D18       A0        C       0
                text37                             21F6     21F6       34        C       0
                text36                             1996     1996       C6        C       0
                text35                             2278     2278       26        C       0
                text34                             1C76     1C76       A2        C       0
                text32                             10F6     10F6      134        C       0
                text31                             1DB8     1DB8       76        C       0
                text30                             218C     218C       36        C       0
                text29                              2E4      2E4      56E        C       0
                text28                             1E2E     1E2E       74        C       0
                text27                             1552     1552       F2        C       0
                text26                             1644     1644       E2        C       0
                text25                             1726     1726       DC        C       0
                text24                              FC0      FC0      136        C       0
                text23                             1F0E     1F0E       68        C       0
                text22                             1802     1802       CC        C       0
                text21                             2036     2036       50        C       0
                text20                             1FD8     1FD8       5E        C       0
                text19                             22B2     22B2        E        C       0
                text18                             1F76     1F76       62        C       0
                text17                              852      852      30A        C       0
                text16                              E78      E78      148        C       0
                text15                             18CE     18CE       C8        C       0
                text14                             21C2     21C2       34        C       0
                text13                             1340     1340      116        C       0
                text12                             1456     1456       FC        C       0
                text11                             1BCE     1BCE       A8        C       0
                text10                             122A     122A      116        C       0
                text9                              1A5C     1A5C       BA        C       0
                text8                              2086     2086       4A        C       0
                text7                              1B16     1B16       B8        C       0
                text6                               CF6      CF6      182        C       0
                text5                              222A     222A       28        C       0
                text4                              20D0     20D0       46        C       0
                text3                              2154     2154       38        C       0
                text2                              2116     2116       3E        C       0
                text1                               B5C      B5C      19A        C       0
                text0                              229E     229E       14        C       0
                cstackCOMRAM                          1        1       39        1       1
                cstackBANK0                          A8       A8       26       60       1
                bssBANK0                             60       60       48       60       1
                bssCOMRAM                            3A       3A       16        1       1
                cinit                              2252     2252       26        C       0

TOTAL           Name                               Link     Load   Length     Space
        CLASS   STACK          

        CLASS   CODE           
                end_init                            2E0      2E0        4         0
                intcodelo                            18       18      2C8         0
                intcode                               8        8        E         0
                reset_vec                             0        0        4         0
                intcode_body                       1EA2     1EA2       6C         0
                text38                             1D18     1D18       A0         0
                text37                             21F6     21F6       34         0
                text36                             1996     1996       C6         0
                text35                             2278     2278       26         0
                text34                             1C76     1C76       A2         0
                text32                             10F6     10F6      134         0
                text31                             1DB8     1DB8       76         0
                text30                             218C     218C       36         0
                text29                              2E4      2E4      56E         0
                text28                             1E2E     1E2E       74         0
                text27                             1552     1552       F2         0
                text26                             1644     1644       E2         0
                text25                             1726     1726       DC         0
                text24                              FC0      FC0      136         0
                text23                             1F0E     1F0E       68         0
                text22                             1802     1802       CC         0
                text21                             2036     2036       50         0
                text20                             1FD8     1FD8       5E         0
                text19                             22B2     22B2        E         0
                text18                             1F76     1F76       62         0
                text17                              852      852      30A         0
                text16                              E78      E78      148         0
                text15                             18CE     18CE       C8         0
                text14                             21C2     21C2       34         0
                text13                             1340     1340      116         0
                text12                             1456     1456       FC         0
                text11                             1BCE     1BCE       A8         0
                text10                             122A     122A      116         0
                text9                              1A5C     1A5C       BA         0
                text8                              2086     2086       4A         0
                text7                              1B16     1B16       B8         0
                text6                               CF6      CF6      182         0
                text5                              222A     222A       28         0
                text4                              20D0     20D0       46         0
                text3                              2154     2154       38         0
                text2                              2116     2116       3E         0
                text1                               B5C      B5C      19A         0
                text0                              229E     229E       14         0
                cinit                              2252     2252       26         0

        CLASS   CONST          

        CLASS   SMALLCONST     

        CLASS   MEDIUMCONST    
                mediumconst                        36F0     36F0      910         0

        CLASS   COMRAM         
                temp                                 50       50        1         1
                cstackCOMRAM                          1        1       39         1
                bssCOMRAM                            3A       3A       16         1

        CLASS   ABS1           
                abs_s1                              200      200       30         1
                abs_s1                              240      240       40         1
                abs_s1                              2C0      2C0        4         1

        CLASS   BIGRAM         

        CLASS   RAM            

        CLASS   BANK0          
                cstackBANK0                          A8       A8       26         1
                bssBANK0                             60       60       48         1

        CLASS   BANK1          

        CLASS   BANK2          

        CLASS   SFR            

        CLASS   FARRAM         

        CLASS   CONFIG         
                config                           300000   300000        E         0

        CLASS   IDLOC          
                idloc                            200000   200000        8         0

        CLASS   EEDATA         



SEGMENTS        Name                           Load    Length   Top    Selector   Space  Class

                reset_vec                      000000  000004  000004         0       0  CODE    
                cstackCOMRAM                   000001  000050  000051         1       1  COMRAM  
                intcode                        000008  00000E  000016         4       0  CODE    
                intcodelo                      000018  0022A8  0022C0         C       0  CODE    
                bssBANK0                       000060  00006E  0000CE        60       1  BANK0   
                mediumconst                    0036F0  000910  004000      1B78       0  MEDIUMCO
                idloc                          200000  000008  200008    200000       0  IDLOC   
                config                         300000  00000E  30000E    300000       0  CONFIG  


UNUSED ADDRESS RANGES

        Name                Unused          Largest block    Delta
        BANK0            0000CE-0000FF               32
        BANK1            000100-0001FF              100
        BANK2            000230-00023F               10
                         000280-0002BF               40
                         0002C4-0002FF               3C
        BIGRAM           000051-00005F                F
                         0000CE-0001FF              132
                         000230-00023F               10
                         000280-0002BF               40
                         0002C4-0002FF               3C
        CODE             000004-000007                4
                         000016-000017                2
                         0022C0-0036EF             1430
        COMRAM           000051-00005F                F
        CONST            000004-000007                4
                         000016-000017                2
                         0022C0-0036EF             1430
        EEDATA           F00000-F000FF              100
        MEDIUMCONST      0022C0-0036EF             1430
        RAM              0000CE-0001FF               32
                         000230-00023F               10
                         000280-0002BF               40
                         0002C4-0002FF               3C
        SFR              000F53-000FFF                D
        SMALLCONST       0022C0-0036EF              100
        STACK            0000CE-0001FF              132

                                  Symbol Table

?_USBTransferOnePacket                     cstackBANK0  0000AC
?___lmul                                   cstackBANK0  0000AC
?___wmul                                   cstackBANK0  0000AC
?i1___wmul                                 cstackCOMRAM 00000F
APP_DeviceAudioMIDITasks@bend              cstackBANK0  0000C4
APP_DeviceAudioMIDITasks@bendChangeability cstackBANK0  0000C2
APP_DeviceAudioMIDITasks@curBend           bssBANK0     00007A
APP_DeviceAudioMIDITasks@curExpression     bssBANK0     00008A
APP_DeviceAudioMIDITasks@curNoteNo         bssBANK0     00008B
APP_DeviceAudioMIDITasks@curNoteState      bssBANK0     00008C
APP_DeviceAudioMIDITasks@expression        cstackBANK0  0000C3
APP_DeviceAudioMIDITasks@phase             bssBANK0     00008D
APP_DeviceAudioMIDITasks@s                 cstackBANK0  0000C8
APP_LEDUpdateUSBStatus@ledCount            bssCOMRAM    000047
GetSwitchState@curPortState                cstackCOMRAM 000011
GetSwitchState@longpushCnt                 bssCOMRAM    000049
GetSwitchState@pSwState                    cstackCOMRAM 00000F
GetSwitchState@s                           bssCOMRAM    00004E
GetSwitchState@sw                          cstackCOMRAM 000012
GetSwitchState@sw_old                      bssCOMRAM    00004A
IRQ_Usr@a                                  cstackBANK0  0000AA
IRQ_Usr@data                               cstackBANK0  0000A8
IRQ_Usr@localCnt                           bssCOMRAM    00004B
IRQ_Usr@localCnt2                          bssCOMRAM    00004C
IRQ_Usr@ocalCnt2_2216                      bssCOMRAM    00004F
IRQ_Usr@swState                            cstackBANK0  0000AB
IRQ_Usr@temp                               cstackBANK0  0000A9
SYSTEM_Initialize@state                    cstackBANK0  0000AC
SregSend@d                                 cstackCOMRAM 00000F
SregSend@i                                 cstackCOMRAM 000011
SwitchToToneNo@a                           cstackCOMRAM 00001E
SwitchToToneNo@finger                      cstackCOMRAM 00001A
SwitchToToneNo@i                           cstackCOMRAM 00001F
SwitchToToneNo@idx                         cstackCOMRAM 00001C
SwitchToToneNo@pSemitone                   cstackCOMRAM 000012
SwitchToToneNo@pTone                       cstackCOMRAM 000010
SwitchToToneNo@swH                         cstackCOMRAM 00000F
SwitchToToneNo@swL                         cstackCOMRAM 000019
UART_ReceiveHandler@data                   cstackCOMRAM 000022
UART_ReceiveHandler@expression             cstackCOMRAM 000023
UART_ReceiveHandler@uartRcvBuf             bssCOMRAM    000042
USBConfigureEndpoint@EPNum                 cstackBANK0  0000B1
USBConfigureEndpoint@direction             cstackBANK0  0000AC
USBConfigureEndpoint@handle                cstackBANK0  0000B2
USBCtrlTrfInHandler@lastDTS                cstackBANK0  0000AD
USBCtrlTrfRxService@byteToRead             cstackBANK0  0000AD
USBCtrlTrfRxService@i                      cstackBANK0  0000AC
USBCtrlTrfTxService@byteToSend             cstackBANK0  0000AC
USBDeviceInit@i                            cstackBANK0  0000B4
USBDeviceTasks@i                           cstackBANK0  0000C7
USBEnableEndpoint@ep                       cstackBANK0  0000B7
USBEnableEndpoint@options                  cstackBANK0  0000B4
USBEnableEndpoint@p                        cstackBANK0  0000B5
USBStdFeatureReqHandler@current_ep_data    cstackBANK0  0000C3
USBStdFeatureReqHandler@p                  cstackBANK0  0000C4
USBStdFeatureReqHandler@pUEP               cstackBANK0  0000C1
USBStdGetStatusHandler@p                   cstackBANK0  0000AD
USBStdSetCfgHandler@i                      cstackBANK0  0000C0
USBTransferOnePacket@data                  cstackBANK0  0000AD
USBTransferOnePacket@dir                   cstackBANK0  0000AC
USBTransferOnePacket@ep                    cstackBANK0  0000B4
USBTransferOnePacket@handle                cstackBANK0  0000B5
USBTransferOnePacket@len                   cstackBANK0  0000AF
USER_USB_CALLBACK_EVENT_HANDLER@event      cstackBANK0  0000B8
USER_USB_CALLBACK_EVENT_HANDLER@pdata      cstackBANK0  0000BA
USER_USB_CALLBACK_EVENT_HANDLER@size       cstackBANK0  0000BC
_ANSEL                                     (abs)        000F7E
_ANSELH                                    (abs)        000F7F
_APP_DeviceAudioMIDIInitialize             text20       001FD8
_APP_DeviceAudioMIDISOFHandler             text19       0022B2
_APP_DeviceAudioMIDITasks                  text29       0002E4
_BAUDCON                                   (abs)        000FB8
_BDT                                       (abs)        000200
_BothEP0OutUOWNsSet                        bssBANK0     00008E
_CtrlTrfData                               (abs)        000228
_GetSwitchState                            text38       001D18
_INTCON2bits                               (abs)        000FF1
_INTCONbits                                (abs)        000FF2
_IPR1bits                                  (abs)        000F9F
_IRQ_Usr                                   intcodelo    000018
_LATB                                      (abs)        000F8A
_LATC                                      (abs)        000F8B
_LATCbits                                  (abs)        000F8B
_PIE1bits                                  (abs)        000F9D
_PIE2bits                                  (abs)        000FA0
_PIR1bits                                  (abs)        000F9E
_PIR2bits                                  (abs)        000FA1
_PORTAbits                                 (abs)        000F80
_PORTB                                     (abs)        000F81
_RCONbits                                  (abs)        000FD0
_RCREG                                     (abs)        000FAE
_RCSTA                                     (abs)        000FAB
_RCSTAbits                                 (abs)        000FAB
_ReceivedDataBuffer                        (abs)        000240
_RemoteWakeup                              bssBANK0     00008F
_SPBRG                                     (abs)        000FAF
_SPBRGH                                    (abs)        000FB0
_SYSTEM_Initialize                         text28       001E2E
_SYS_InterruptHigh                         intcode      000008
_SetupPkt                                  (abs)        000220
_SregSend                                  text37       0021F6
_SwitchToToneNo                            text36       001996
_T0CON                                     (abs)        000FD5
_T1CON                                     (abs)        000FCD
_TRISB                                     (abs)        000F93
_TRISBbits                                 (abs)        000F93
_TRISC                                     (abs)        000F94
_TRISCbits                                 (abs)        000F94
_TXREG                                     (abs)        000FAD
_TXSTA                                     (abs)        000FAC
_UADDR                                     (abs)        000F5C
_UART_ReceiveHandler                       text34       001C76
_UCFG                                      (abs)        000F61
_UCON                                      (abs)        000F64
_UCONbits                                  (abs)        000F64
_UEIE                                      (abs)        000F5B
_UEIR                                      (abs)        000F5F
_UEP0                                      (abs)        000F53
_UEP0bits                                  (abs)        000F53
_UEP1                                      (abs)        000F54
_UIE                                       (abs)        000F60
_UIEbits                                   (abs)        000F60
_UIR                                       (abs)        000F62
_UIRbits                                   (abs)        000F62
_USB1msTickCount                           bssBANK0     00006E
_USBActiveConfiguration                    bssBANK0     0000A5
_USBAlternateInterface                     bssBANK0     0000A6
_USBBusIsSuspended                         bssBANK0     000090
_USBCheckStdRequest                        text12       001456
_USBConfigureEndpoint                      text22       001802
_USBCtrlEPAllowDataStage                   text11       001BCE
_USBCtrlEPAllowStatusStage                 text25       001726
_USBCtrlEPService                          text7        001B16
_USBCtrlEPServiceComplete                  text10       00122A
_USBCtrlTrfInHandler                       text26       001644
_USBCtrlTrfOutHandler                      text23       001F0E
_USBCtrlTrfRxService                       text24       000FC0
_USBCtrlTrfSetupHandler                    text9        001A5C
_USBCtrlTrfTxService                       text27       001552
_USBDeferINDataStagePackets                bssBANK0     000091
_USBDeferOUTDataStagePackets               bssBANK0     000092
_USBDeferStatusStagePacket                 bssBANK0     000093
_USBDeviceInit                             text6        000CF6
_USBDeviceState                            bssBANK0     000094
_USBDeviceTasks                            text1        000B5C
_USBEnableEndpoint                         text21       002036
_USBIncrement1msInternalTimers             text5        00222A
_USBRxHandle                               bssBANK0     00007C
_USBStallHandler                           text4        0020D0
_USBStatusStageEnabledFlag1                bssBANK0     000095
_USBStatusStageEnabledFlag2                bssBANK0     000096
_USBStatusStageTimeoutCounter              bssBANK0     000097
_USBStdFeatureReqHandler                   text17       000852
_USBStdGetDscHandler                       text16       000E78
_USBStdGetStatusHandler                    text15       0018CE
_USBStdSetCfgHandler                       text13       001340
_USBSuspend                                text3        002154
_USBTicksSinceSuspendEnd                   bssBANK0     000098
_USBTransferOnePacket                      text32       0010F6
_USBTxHandle                               bssBANK0     00007E
_USBWakeFromSuspend                        text2        002116
_USB_CD_Ptr                                mediumconst  003F29
_USB_SD_Ptr                                mediumconst  003F23
_USER_USB_CALLBACK_EVENT_HANDLER           text18       001F76
_USTAT                                     (abs)        000F63
_USTATcopy                                 bssBANK0     0000A7
_WPUB                                      (abs)        000F78
__CFG_BBSIZ$OFF                            (abs)        000000
__CFG_BOREN$OFF                            (abs)        000000
__CFG_BORV$30                              (abs)        000000
__CFG_CP0$OFF                              (abs)        000000
__CFG_CP1$OFF                              (abs)        000000
__CFG_CPB$OFF                              (abs)        000000
__CFG_CPUDIV$NOCLKDIV                      (abs)        000000
__CFG_EBTR0$OFF                            (abs)        000000
__CFG_EBTR1$OFF                            (abs)        000000
__CFG_EBTRB$OFF                            (abs)        000000
__CFG_FCMEN$OFF                            (abs)        000000
__CFG_FOSC$HS                              (abs)        000000
__CFG_HFOFST$OFF                           (abs)        000000
__CFG_IESO$OFF                             (abs)        000000
__CFG_LVP$OFF                              (abs)        000000
__CFG_MCLRE$OFF                            (abs)        000000
__CFG_PLLEN$ON                             (abs)        000000
__CFG_PWRTEN$OFF                           (abs)        000000
__CFG_STVREN$ON                            (abs)        000000
__CFG_USBDIV$OFF                           (abs)        000000
__CFG_WDTEN$OFF                            (abs)        000000
__CFG_WDTPS$32768                          (abs)        000000
__CFG_WRT0$OFF                             (abs)        000000
__CFG_WRT1$OFF                             (abs)        000000
__CFG_WRTB$OFF                             (abs)        000000
__CFG_WRTC$OFF                             (abs)        000000
__CFG_XINST$OFF                            (abs)        000000
__HRAM                                     (abs)        000000
__Habs1                                    abs1         000000
__Hbank0                                   bank0        000000
__Hbank1                                   bank1        000000
__Hbank2                                   bank2        000000
__Hbigbss                                  bigbss       000000
__Hbigdata                                 bigdata      000000
__Hbigram                                  bigram       000000
__Hbss                                     bss          000000
__HbssBANK0                                bssBANK0     000000
__HbssCOMRAM                               bssCOMRAM    000000
__Hcinit                                   cinit        000000
__Hclrtext                                 clrtext      000000
__Hcomram                                  comram       000000
__Hconfig                                  config       30000E
__Hconst                                   const        000000
__HcstackBANK0                             cstackBANK0  000000
__HcstackCOMRAM                            cstackCOMRAM 000000
__Hdata                                    data         000000
__Heeprom_data                             eeprom_data  000000
__Hend_init                                end_init     0002E4
__Hfarbss                                  farbss       000000
__Hfardata                                 fardata      000000
__Hibigdata                                ibigdata     000000
__Hidata                                   idata        000000
__Hidloc                                   idloc        200008
__Hifardata                                ifardata     000000
__Hinit                                    init         0002E0
__Hintcode                                 intcode      000016
__Hintcode_body                            intcode_body 000000
__Hintcodelo                               intcodelo    0002E0
__Hintentry                                intentry     000000
__Hintret                                  intret       000000
__Hintsave_regs                            intsave_regs 000000
__Hirdata                                  irdata       000000
__Hmediumconst                             mediumconst  004000
__HnvFARRAM                                nvFARRAM     000000
__Hnvbit                                   nvbit        000000
__Hnvrram                                  nvrram       000000
__Hparam                                   rparam       000000
__Hpowerup                                 powerup      0002E0
__Hram                                     ram          000000
__Hramtop                                  ramtop       000300
__Hrbit                                    rbit         000000
__Hrbss                                    rbss         000000
__Hrdata                                   rdata        000000
__Hreset_vec                               reset_vec    000004
__Hrparam                                  rparam       000000
__Hsfr                                     sfr          000000
__Hsmallconst                              smallconst   000000
__Hspace_0                                 (abs)        30000E
__Hspace_1                                 (abs)        0000CE
__Hspace_2                                 (abs)        000000
__Hstack                                   stack        000000
__Hstruct                                  struct       000000
__Htemp                                    temp         000051
__Htext                                    text         000000
__Htext0                                   text0        000000
__Htext1                                   text1        000000
__Htext10                                  text10       000000
__Htext11                                  text11       000000
__Htext12                                  text12       000000
__Htext13                                  text13       000000
__Htext14                                  text14       000000
__Htext15                                  text15       000000
__Htext16                                  text16       000000
__Htext17                                  text17       000000
__Htext18                                  text18       000000
__Htext19                                  text19       000000
__Htext2                                   text2        000000
__Htext20                                  text20       000000
__Htext21                                  text21       000000
__Htext22                                  text22       000000
__Htext23                                  text23       000000
__Htext24                                  text24       000000
__Htext25                                  text25       000000
__Htext26                                  text26       000000
__Htext27                                  text27       000000
__Htext28                                  text28       000000
__Htext29                                  text29       000000
__Htext3                                   text3        000000
__Htext30                                  text30       000000
__Htext31                                  text31       000000
__Htext32                                  text32       000000
__Htext34                                  text34       000000
__Htext35                                  text35       000000
__Htext36                                  text36       000000
__Htext37                                  text37       000000
__Htext38                                  text38       000000
__Htext4                                   text4        000000
__Htext5                                   text5        000000
__Htext6                                   text6        000000
__Htext7                                   text7        000000
__Htext8                                   text8        000000
__Htext9                                   text9        000000
__LRAM                                     (abs)        000001
__Labs1                                    abs1         000000
__Lbank0                                   bank0        000000
__Lbank1                                   bank1        000000
__Lbank2                                   bank2        000000
__Lbigbss                                  bigbss       000000
__Lbigdata                                 bigdata      000000
__Lbigram                                  bigram       000000
__Lbss                                     bss          000000
__LbssBANK0                                bssBANK0     000000
__LbssCOMRAM                               bssCOMRAM    000000
__Lcinit                                   cinit        000000
__Lclrtext                                 clrtext      000000
__Lcomram                                  comram       000000
__Lconfig                                  config       300000
__Lconst                                   const        000000
__LcstackBANK0                             cstackBANK0  000000
__LcstackCOMRAM                            cstackCOMRAM 000000
__Ldata                                    data         000000
__Leeprom_data                             eeprom_data  000000
__Lend_init                                end_init     0002E0
__Lfarbss                                  farbss       000000
__Lfardata                                 fardata      000000
__Libigdata                                ibigdata     000000
__Lidata                                   idata        000000
__Lidloc                                   idloc        200000
__Lifardata                                ifardata     000000
__Linit                                    init         0002E0
__Lintcode                                 intcode      000008
__Lintcode_body                            intcode_body 000000
__Lintcodelo                               intcodelo    000018
__Lintentry                                intentry     000000
__Lintret                                  intret       000000
__Lintsave_regs                            intsave_regs 000000
__Lirdata                                  irdata       000000
__Lmediumconst                             mediumconst  0036F0
__LnvFARRAM                                nvFARRAM     000000
__Lnvbit                                   nvbit        000000
__Lnvrram                                  nvrram       000000
__Lparam                                   rparam       000000
__Lpowerup                                 powerup      0002E0
__Lram                                     ram          000000
__Lramtop                                  ramtop       000300
__Lrbit                                    rbit         000000
__Lrbss                                    rbss         000000
__Lrdata                                   rdata        000000
__Lreset_vec                               reset_vec    000000
__Lrparam                                  rparam       000000
__Lsfr                                     sfr          000000
__Lsmallconst                              smallconst   000000
__Lspace_0                                 (abs)        000000
__Lspace_1                                 (abs)        000000
__Lspace_2                                 (abs)        000000
__Lstack                                   stack        000000
__Lstruct                                  struct       000000
__Ltemp                                    temp         000050
__Ltext                                    text         000000
__Ltext0                                   text0        000000
__Ltext1                                   text1        000000
__Ltext10                                  text10       000000
__Ltext11                                  text11       000000
__Ltext12                                  text12       000000
__Ltext13                                  text13       000000
__Ltext14                                  text14       000000
__Ltext15                                  text15       000000
__Ltext16                                  text16       000000
__Ltext17                                  text17       000000
__Ltext18                                  text18       000000
__Ltext19                                  text19       000000
__Ltext2                                   text2        000000
__Ltext20                                  text20       000000
__Ltext21                                  text21       000000
__Ltext22                                  text22       000000
__Ltext23                                  text23       000000
__Ltext24                                  text24       000000
__Ltext25                                  text25       000000
__Ltext26                                  text26       000000
__Ltext27                                  text27       000000
__Ltext28                                  text28       000000
__Ltext29                                  text29       000000
__Ltext3                                   text3        000000
__Ltext30                                  text30       000000
__Ltext31                                  text31       000000
__Ltext32                                  text32       000000
__Ltext34                                  text34       000000
__Ltext35                                  text35       000000
__Ltext36                                  text36       000000
__Ltext37                                  text37       000000
__Ltext38                                  text38       000000
__Ltext4                                   text4        000000
__Ltext5                                   text5        000000
__Ltext6                                   text6        000000
__Ltext7                                   text7        000000
__Ltext8                                   text8        000000
__Ltext9                                   text9        000000
__S0                                       (abs)        30000E
__S1                                       (abs)        0000CE
__S2                                       (abs)        000000
___inthi_sp                                stack        000000
___intlo_sp                                stack        000000
___lmul                                    text31       001DB8
___lmul@multiplicand                       cstackBANK0  0000B0
___lmul@multiplier                         cstackBANK0  0000AC
___lmul@product                            cstackBANK0  0000B4
___param_bank                              (abs)        000010
___rparam_used                             (abs)        000001
___sp                                      stack        000000
___wmul                                    text30       00218C
___wmul@multiplicand                       cstackBANK0  0000AE
___wmul@multiplier                         cstackBANK0  0000AC
___wmul@product                            cstackBANK0  0000B0
__accesstop                                (abs)        000060
__activetblptr                             (abs)        000002
__end_of_APP_DeviceAudioMIDIInitialize     text20       002036
__end_of_APP_DeviceAudioMIDISOFHandler     text19       0022C0
__end_of_APP_DeviceAudioMIDITasks          text29       000852
__end_of_GetSwitchState                    text38       001DB8
__end_of_IRQ_Usr                           intcodelo    0002E0
__end_of_SYSTEM_Initialize                 text28       001EA2
__end_of_SYS_InterruptHigh                 intcode_body 001F0E
__end_of_SregSend                          text37       00222A
__end_of_SwitchToToneNo                    text36       001A5C
__end_of_UART_ReceiveHandler               text34       001D18
__end_of_USBCheckStdRequest                text12       001552
__end_of_USBConfigureEndpoint              text22       0018CE
__end_of_USBCtrlEPAllowDataStage           text11       001C76
__end_of_USBCtrlEPAllowStatusStage         text25       001802
__end_of_USBCtrlEPService                  text7        001BCE
__end_of_USBCtrlEPServiceComplete          text10       001340
__end_of_USBCtrlTrfInHandler               text26       001726
__end_of_USBCtrlTrfOutHandler              text23       001F76
__end_of_USBCtrlTrfRxService               text24       0010F6
__end_of_USBCtrlTrfSetupHandler            text9        001B16
__end_of_USBCtrlTrfTxService               text27       001644
__end_of_USBDeviceInit                     text6        000E78
__end_of_USBDeviceTasks                    text1        000CF6
__end_of_USBEnableEndpoint                 text21       002086
__end_of_USBIncrement1msInternalTimers     text5        002252
__end_of_USBStallHandler                   text4        002116
__end_of_USBStdFeatureReqHandler           text17       000B5C
__end_of_USBStdGetDscHandler               text16       000FC0
__end_of_USBStdGetStatusHandler            text15       001996
__end_of_USBStdSetCfgHandler               text13       001456
__end_of_USBSuspend                        text3        00218C
__end_of_USBTransferOnePacket              text32       00122A
__end_of_USBWakeFromSuspend                text2        002154
__end_of_USB_CD_Ptr                        mediumconst  003F2B
__end_of_USB_SD_Ptr                        mediumconst  003F29
__end_of_USER_USB_CALLBACK_EVENT_HANDLER   text18       001FD8
__end_of___lmul                            text31       001E2E
__end_of___wmul                            text30       0021C2
__end_of__initialization                   cinit        00226A
__end_of_configDescriptor1                 mediumconst  003F90
__end_of_device_dsc                        mediumconst  003FFA
__end_of_g_fontTable                       mediumconst  003F23
__end_of_main                              text0        0022B2
__end_of_memcpy                            text8        0020D0
__end_of_memset                            text14       0021F6
__end_of_sd000                             mediumconst  003FFE
__end_of_sd001                             mediumconst  003FBC
__end_of_sd002                             mediumconst  003FE8
__end_of_toneList                          mediumconst  003EF1
__end_ofi1___wmul                          text35       00229E
__initialization                           cinit        002252
__mediumconst                              mediumconst  0036F0
__pbssBANK0                                bssBANK0     000060
__pbssCOMRAM                               bssCOMRAM    00003A
__pcinit                                   cinit        002252
__pcstackBANK0                             cstackBANK0  0000A8
__pcstackCOMRAM                            cstackCOMRAM 000001
__pintcode                                 intcode      000008
__pintcode_body                            intcode_body 001EA2
__pintcodelo                               intcodelo    000018
__pmediumconst                             mediumconst  0036F0
__ptext0                                   text0        00229E
__ptext1                                   text1        000B5C
__ptext10                                  text10       00122A
__ptext11                                  text11       001BCE
__ptext12                                  text12       001456
__ptext13                                  text13       001340
__ptext14                                  text14       0021C2
__ptext15                                  text15       0018CE
__ptext16                                  text16       000E78
__ptext17                                  text17       000852
__ptext18                                  text18       001F76
__ptext19                                  text19       0022B2
__ptext2                                   text2        002116
__ptext20                                  text20       001FD8
__ptext21                                  text21       002036
__ptext22                                  text22       001802
__ptext23                                  text23       001F0E
__ptext24                                  text24       000FC0
__ptext25                                  text25       001726
__ptext26                                  text26       001644
__ptext27                                  text27       001552
__ptext28                                  text28       001E2E
__ptext29                                  text29       0002E4
__ptext3                                   text3        002154
__ptext30                                  text30       00218C
__ptext31                                  text31       001DB8
__ptext32                                  text32       0010F6
__ptext34                                  text34       001C76
__ptext35                                  text35       002278
__ptext36                                  text36       001996
__ptext37                                  text37       0021F6
__ptext38                                  text38       001D18
__ptext4                                   text4        0020D0
__ptext5                                   text5        00222A
__ptext6                                   text6        000CF6
__ptext7                                   text7        001B16
__ptext8                                   text8        002086
__ptext9                                   text9        001A5C
__ramtop                                   ramtop       000300
__size_of_APP_DeviceAudioMIDIInitialize    (abs)        000000
__size_of_APP_DeviceAudioMIDISOFHandler    (abs)        000000
__size_of_APP_DeviceAudioMIDITasks         (abs)        000000
__size_of_GetSwitchState                   (abs)        000000
__size_of_IRQ_Usr                          (abs)        000000
__size_of_SYSTEM_Initialize                (abs)        000000
__size_of_SYS_InterruptHigh                (abs)        000000
__size_of_SregSend                         (abs)        000000
__size_of_SwitchToToneNo                   (abs)        000000
__size_of_UART_ReceiveHandler              (abs)        000000
__size_of_USBCheckStdRequest               (abs)        000000
__size_of_USBConfigureEndpoint             (abs)        000000
__size_of_USBCtrlEPAllowDataStage          (abs)        000000
__size_of_USBCtrlEPAllowStatusStage        (abs)        000000
__size_of_USBCtrlEPService                 (abs)        000000
__size_of_USBCtrlEPServiceComplete         (abs)        000000
__size_of_USBCtrlTrfInHandler              (abs)        000000
__size_of_USBCtrlTrfOutHandler             (abs)        000000
__size_of_USBCtrlTrfRxService              (abs)        000000
__size_of_USBCtrlTrfSetupHandler           (abs)        000000
__size_of_USBCtrlTrfTxService              (abs)        000000
__size_of_USBDeviceInit                    (abs)        000000
__size_of_USBDeviceTasks                   (abs)        000000
__size_of_USBEnableEndpoint                (abs)        000000
__size_of_USBIncrement1msInternalTimers    (abs)        000000
__size_of_USBStallHandler                  (abs)        000000
__size_of_USBStdFeatureReqHandler          (abs)        000000
__size_of_USBStdGetDscHandler              (abs)        000000
__size_of_USBStdGetStatusHandler           (abs)        000000
__size_of_USBStdSetCfgHandler              (abs)        000000
__size_of_USBSuspend                       (abs)        000000
__size_of_USBTransferOnePacket             (abs)        000000
__size_of_USBWakeFromSuspend               (abs)        000000
__size_of_USER_USB_CALLBACK_EVENT_HANDLER  (abs)        000000
__size_of___lmul                           (abs)        000000
__size_of___wmul                           (abs)        000000
__size_of_main                             (abs)        000000
__size_of_memcpy                           (abs)        000000
__size_of_memset                           (abs)        000000
__size_ofi1___wmul                         (abs)        000000
__smallconst                               smallconst   000000
_configDescriptor1                         mediumconst  003F2B
_controlTransferState                      bssBANK0     000099
_device_dsc                                mediumconst  003FE8
_endpoint_number                           bssBANK0     00009A
_ep_data_in                                bssBANK0     000080
_ep_data_out                               bssBANK0     000082
_g_fontTable                               mediumconst  003EF1
_g_ledState                                bssCOMRAM    00003A
_g_status                                  bssBANK0     00009F
_g_uartRcvPos                              bssCOMRAM    00004D
_inPipes                                   bssBANK0     000068
_main                                      text0        00229E
_memcpy                                    text8        002086
_memset                                    text14       0021C2
_midiData                                  (abs)        0002C0
_msCounter                                 bssBANK0     00009B
_outPipes                                  bssBANK0     000060
_pBDTEntryEP0OutCurrent                    bssBANK0     000084
_pBDTEntryEP0OutNext                       bssBANK0     000086
_pBDTEntryIn                               bssBANK0     000072
_pBDTEntryOut                              bssBANK0     000076
_pDst                                      bssBANK0     000088
_pitch                                     bssBANK0     00009C
_sd000                                     mediumconst  003FFA
_sd001                                     mediumconst  003F90
_sd002                                     mediumconst  003FBC
_sentNoteOff                               bssBANK0     00009D
_shortPacketStatus                         bssBANK0     00009E
_toneList                                  mediumconst  0036F1
btemp                                      temp         000050
end_of_initialization                      cinit        00226A
i1___wmul                                  text35       002278
i1___wmul@multiplicand                     cstackCOMRAM 000011
i1___wmul@multiplier                       cstackCOMRAM 00000F
i1___wmul@product                          cstackCOMRAM 000013
int$flags                                  temp         000050
int_func                                   intcode_body 001EA2
intlevel0                                  text         000000
intlevel1                                  text         000000
intlevel2                                  text         000000
intlevel3                                  text         000000
memcpy@d                                   cstackBANK0  0000B2
memcpy@d1                                  cstackBANK0  0000AC
memcpy@n                                   cstackBANK0  0000B0
memcpy@s                                   cstackBANK0  0000B4
memcpy@s1                                  cstackBANK0  0000AE
memset@c                                   cstackBANK0  0000AE
memset@n                                   cstackBANK0  0000B0
memset@p                                   cstackBANK0  0000B2
memset@p1                                  cstackBANK0  0000AC
stackhi                                    (abs)        0001FF
stacklo                                    (abs)        0000CE
start                                      init         0002E0
start_initialization                       cinit        002252


FUNCTION INFORMATION:

 *************** function _main *****************
 Defined at:
		line 44 in file "main.c"
 Parameters:    Size  Location     Type
		None
 Auto vars:     Size  Location     Type
		None
 Return value:  Size  Location     Type
                  1    wreg      void 
 Registers used:
		wreg, fsr1l, fsr1h, fsr2l, fsr2h, status,2, status,0, tblptrl, tblptrh, tblptru, prodl, prodh, cstack
 Tracked objects:
		On entry : 
		On exit  : 
		Unchanged: 
 Data sizes:     COMRAM   BANK0   BANK1 BANK2hl  BANK2l BANK2hh
      Params:         0       0       0       0       0       0
      Locals:         0       0       0       0       0       0
      Temps:          0       0       0       0       0       0
      Totals:         0       0       0       0       0       0
Total ram usage:        0 bytes
 Hardware stack levels required when called:   13
 This function calls:
		_APP_DeviceAudioMIDITasks
		_SYSTEM_Initialize
		_USBDeviceInit
		_USBDeviceTasks
 This function is called by:
		Startup code after reset
 This function uses a non-reentrant model


 *************** function _USBDeviceTasks *****************
 Defined at:
		line 472 in file "usb/usb_device.c"
 Parameters:    Size  Location     Type
		None
 Auto vars:     Size  Location     Type
  i               1   31[BANK0 ] unsigned char 
 Return value:  Size  Location     Type
                  1    wreg      void 
 Registers used:
		wreg, fsr1l, fsr1h, fsr2l, fsr2h, status,2, status,0, tblptrl, tblptrh, tblptru, prodl, prodh, cstack
 Tracked objects:
		On entry : 
		On exit  : 
		Unchanged: 
 Data sizes:     COMRAM   BANK0   BANK1 BANK2hl  BANK2l BANK2hh
      Params:         0       0       0       0       0       0
      Locals:         0       1       0       0       0       0
      Temps:          0       0       0       0       0       0
      Totals:         0       1       0       0       0       0
Total ram usage:        1 bytes
 Hardware stack levels used:    1
 Hardware stack levels required when called:   12
 This function calls:
		_USBCtrlEPAllowStatusStage
		_USBCtrlEPService
		_USBDeviceInit
		_USBIncrement1msInternalTimers
		_USBStallHandler
		_USBSuspend
		_USBWakeFromSuspend
		_USER_USB_CALLBACK_EVENT_HANDLER
 This function is called by:
		_main
 This function uses a non-reentrant model


 *************** function _USBWakeFromSuspend *****************
 Defined at:
		line 2183 in file "usb/usb_device.c"
 Parameters:    Size  Location     Type
		None
 Auto vars:     Size  Location     Type
		None
 Return value:  Size  Location     Type
                  1    wreg      void 
 Registers used:
		wreg, fsr2l, fsr2h, status,2, status,0, prodl, prodh, cstack
 Tracked objects:
		On entry : 
		On exit  : 
		Unchanged: 
 Data sizes:     COMRAM   BANK0   BANK1 BANK2hl  BANK2l BANK2hh
      Params:         0       0       0       0       0       0
      Locals:         0       0       0       0       0       0
      Temps:          0       0       0       0       0       0
      Totals:         0       0       0       0       0       0
Total ram usage:        0 bytes
 Hardware stack levels used:    1
 Hardware stack levels required when called:    8
 This function calls:
		_USER_USB_CALLBACK_EVENT_HANDLER
 This function is called by:
		_USBDeviceTasks
 This function uses a non-reentrant model


 *************** function _USBSuspend *****************
 Defined at:
		line 2125 in file "usb/usb_device.c"
 Parameters:    Size  Location     Type
		None
 Auto vars:     Size  Location     Type
		None
 Return value:  Size  Location     Type
                  1    wreg      void 
 Registers used:
		wreg, fsr2l, fsr2h, status,2, status,0, prodl, prodh, cstack
 Tracked objects:
		On entry : 
		On exit  : 
		Unchanged: 
 Data sizes:     COMRAM   BANK0   BANK1 BANK2hl  BANK2l BANK2hh
      Params:         0       0       0       0       0       0
      Locals:         0       0       0       0       0       0
      Temps:          0       0       0       0       0       0
      Totals:         0       0       0       0       0       0
Total ram usage:        0 bytes
 Hardware stack levels used:    1
 Hardware stack levels required when called:    8
 This function calls:
		_USER_USB_CALLBACK_EVENT_HANDLER
 This function is called by:
		_USBDeviceTasks
 This function uses a non-reentrant model


 *************** function _USBStallHandler *****************
 Defined at:
		line 2084 in file "usb/usb_device.c"
 Parameters:    Size  Location     Type
		None
 Auto vars:     Size  Location     Type
		None
 Return value:  Size  Location     Type
                  1    wreg      void 
 Registers used:
		wreg, fsr2l, fsr2h, status,2, status,0
 Tracked objects:
		On entry : 
		On exit  : 
		Unchanged: 
 Data sizes:     COMRAM   BANK0   BANK1 BANK2hl  BANK2l BANK2hh
      Params:         0       0       0       0       0       0
      Locals:         0       0       0       0       0       0
      Temps:          0       1       0       0       0       0
      Totals:         0       1       0       0       0       0
Total ram usage:        1 bytes
 Hardware stack levels used:    1
 Hardware stack levels required when called:    4
 This function calls:
		Nothing
 This function is called by:
		_USBDeviceTasks
 This function uses a non-reentrant model


 *************** function _USBIncrement1msInternalTimers *****************
 Defined at:
		line 2841 in file "usb/usb_device.c"
 Parameters:    Size  Location     Type
		None
 Auto vars:     Size  Location     Type
		None
 Return value:  Size  Location     Type
                  1    wreg      void 
 Registers used:
		wreg, status,2, status,0
 Tracked objects:
		On entry : 
		On exit  : 
		Unchanged: 
 Data sizes:     COMRAM   BANK0   BANK1 BANK2hl  BANK2l BANK2hh
      Params:         0       0       0       0       0       0
      Locals:         0       0       0       0       0       0
      Temps:          0       0       0       0       0       0
      Totals:         0       0       0       0       0       0
Total ram usage:        0 bytes
 Hardware stack levels used:    1
 Hardware stack levels required when called:    4
 This function calls:
		Nothing
 This function is called by:
		_USBDeviceTasks
 This function uses a non-reentrant model


 *************** function _USBDeviceInit *****************
 Defined at:
		line 277 in file "usb/usb_device.c"
 Parameters:    Size  Location     Type
		None
 Auto vars:     Size  Location     Type
  i               1   12[BANK0 ] unsigned char 
 Return value:  Size  Location     Type
                  1    wreg      void 
 Registers used:
		wreg, fsr2l, fsr2h, status,2, status,0, prodl, prodh, cstack
 Tracked objects:
		On entry : 
		On exit  : 
		Unchanged: 
 Data sizes:     COMRAM   BANK0   BANK1 BANK2hl  BANK2l BANK2hh
      Params:         0       0       0       0       0       0
      Locals:         0       1       0       0       0       0
      Temps:          0       0       0       0       0       0
      Totals:         0       1       0       0       0       0
Total ram usage:        1 bytes
 Hardware stack levels used:    1
 Hardware stack levels required when called:    5
 This function calls:
		_memset
 This function is called by:
		_USBDeviceTasks
		_main
 This function uses a non-reentrant model


 *************** function _USBCtrlEPService *****************
 Defined at:
		line 2252 in file "usb/usb_device.c"
 Parameters:    Size  Location     Type
		None
 Auto vars:     Size  Location     Type
		None
 Return value:  Size  Location     Type
                  1    wreg      void 
 Registers used:
		wreg, fsr1l, fsr1h, fsr2l, fsr2h, status,2, status,0, tblptrl, tblptrh, tblptru, prodl, prodh, cstack
 Tracked objects:
		On entry : 
		On exit  : 
		Unchanged: 
 Data sizes:     COMRAM   BANK0   BANK1 BANK2hl  BANK2l BANK2hh
      Params:         0       0       0       0       0       0
      Locals:         0       0       0       0       0       0
      Temps:          0       1       0       0       0       0
      Totals:         0       1       0       0       0       0
Total ram usage:        1 bytes
 Hardware stack levels used:    1
 Hardware stack levels required when called:   11
 This function calls:
		_USBCtrlTrfInHandler
		_USBCtrlTrfOutHandler
		_USBCtrlTrfSetupHandler
		_memcpy
 This function is called by:
		_USBDeviceTasks
 This function uses a non-reentrant model


 *************** function _memcpy *****************
 Defined at:
		line 11 in file "C:\Program Files (x86)\Microchip\xc8\v1.36\sources\common\memcpy.c"
 Parameters:    Size  Location     Type
  d1              2    4[BANK0 ] PTR void 
		 -> SetupPkt(8), 
  s1              2    6[BANK0 ] PTR const void 
		 -> midiData(4), ReceivedDataBuffer(64), CtrlTrfData(8), RAM(767), 
		 -> SetupPkt(8), 
  n               2    8[BANK0 ] unsigned int 
 Auto vars:     Size  Location     Type
  s               2   12[BANK0 ] PTR const unsigned char 
		 -> midiData(4), ReceivedDataBuffer(64), CtrlTrfData(8), RAM(767), 
		 -> SetupPkt(8), 
  d               2   10[BANK0 ] PTR unsigned char 
		 -> SetupPkt(8), 
 Return value:  Size  Location     Type
                  2    4[BANK0 ] PTR void 
 Registers used:
		wreg, fsr1l, fsr1h, fsr2l, fsr2h, status,2, status,0
 Tracked objects:
		On entry : 
		On exit  : 
		Unchanged: 
 Data sizes:     COMRAM   BANK0   BANK1 BANK2hl  BANK2l BANK2hh
      Params:         0       6       0       0       0       0
      Locals:         0       4       0       0       0       0
      Temps:          0       0       0       0       0       0
      Totals:         0      10       0       0       0       0
Total ram usage:       10 bytes
 Hardware stack levels used:    1
 Hardware stack levels required when called:    4
 This function calls:
		Nothing
 This function is called by:
		_USBCtrlEPService
 This function uses a non-reentrant model


 *************** function _USBCtrlTrfSetupHandler *****************
 Defined at:
		line 2339 in file "usb/usb_device.c"
 Parameters:    Size  Location     Type
		None
 Auto vars:     Size  Location     Type
		None
 Return value:  Size  Location     Type
                  1    wreg      void 
 Registers used:
		wreg, fsr1l, fsr1h, fsr2l, fsr2h, status,2, status,0, tblptrl, tblptrh, tblptru, prodl, prodh, cstack
 Tracked objects:
		On entry : 
		On exit  : 
		Unchanged: 
 Data sizes:     COMRAM   BANK0   BANK1 BANK2hl  BANK2l BANK2hh
      Params:         0       0       0       0       0       0
      Locals:         0       0       0       0       0       0
      Temps:          0       0       0       0       0       0
      Totals:         0       0       0       0       0       0
Total ram usage:        0 bytes
 Hardware stack levels used:    1
 Hardware stack levels required when called:   10
 This function calls:
		_USBCheckStdRequest
		_USBCtrlEPServiceComplete
		_USER_USB_CALLBACK_EVENT_HANDLER
 This function is called by:
		_USBCtrlEPService
 This function uses a non-reentrant model


 *************** function _USBCtrlEPServiceComplete *****************
 Defined at:
		line 1547 in file "usb/usb_device.c"
 Parameters:    Size  Location     Type
		None
 Auto vars:     Size  Location     Type
		None
 Return value:  Size  Location     Type
                  1    wreg      void 
 Registers used:
		wreg, fsr1l, fsr1h, fsr2l, fsr2h, status,2, status,0, tblptrl, tblptrh, tblptru, cstack
 Tracked objects:
		On entry : 
		On exit  : 
		Unchanged: 
 Data sizes:     COMRAM   BANK0   BANK1 BANK2hl  BANK2l BANK2hh
      Params:         0       0       0       0       0       0
      Locals:         0       0       0       0       0       0
      Temps:          0       0       0       0       0       0
      Totals:         0       0       0       0       0       0
Total ram usage:        0 bytes
 Hardware stack levels used:    1
 Hardware stack levels required when called:    6
 This function calls:
		_USBCtrlEPAllowDataStage
		_USBCtrlEPAllowStatusStage
 This function is called by:
		_USBCtrlTrfSetupHandler
 This function uses a non-reentrant model


 *************** function _USBCtrlEPAllowDataStage *****************
 Defined at:
		line 1426 in file "usb/usb_device.c"
 Parameters:    Size  Location     Type
		None
 Auto vars:     Size  Location     Type
		None
 Return value:  Size  Location     Type
                  1    wreg      void 
 Registers used:
		wreg, fsr1l, fsr1h, fsr2l, fsr2h, status,2, status,0, tblptrl, tblptrh, tblptru, cstack
 Tracked objects:
		On entry : 
		On exit  : 
		Unchanged: 
 Data sizes:     COMRAM   BANK0   BANK1 BANK2hl  BANK2l BANK2hh
      Params:         0       0       0       0       0       0
      Locals:         0       0       0       0       0       0
      Temps:          0       0       0       0       0       0
      Totals:         0       0       0       0       0       0
Total ram usage:        0 bytes
 Hardware stack levels used:    1
 Hardware stack levels required when called:    5
 This function calls:
		_USBCtrlTrfTxService
 This function is called by:
		_USBCtrlEPServiceComplete
 This function uses a non-reentrant model


 *************** function _USBCheckStdRequest *****************
 Defined at:
		line 2539 in file "usb/usb_device.c"
 Parameters:    Size  Location     Type
		None
 Auto vars:     Size  Location     Type
		None
 Return value:  Size  Location     Type
                  1    wreg      void 
 Registers used:
		wreg, fsr1l, fsr1h, fsr2l, fsr2h, status,2, status,0, tblptrl, tblptrh, tblptru, prodl, prodh, cstack
 Tracked objects:
		On entry : 
		On exit  : 
		Unchanged: 
 Data sizes:     COMRAM   BANK0   BANK1 BANK2hl  BANK2l BANK2hh
      Params:         0       0       0       0       0       0
      Locals:         0       0       0       0       0       0
      Temps:          0       0       0       0       0       0
      Totals:         0       0       0       0       0       0
Total ram usage:        0 bytes
 Hardware stack levels used:    1
 Hardware stack levels required when called:    9
 This function calls:
		_USBStdFeatureReqHandler
		_USBStdGetDscHandler
		_USBStdGetStatusHandler
		_USBStdSetCfgHandler
		_USER_USB_CALLBACK_EVENT_HANDLER
 This function is called by:
		_USBCtrlTrfSetupHandler
 This function uses a non-reentrant model


 *************** function _USBStdSetCfgHandler *****************
 Defined at:
		line 1869 in file "usb/usb_device.c"
 Parameters:    Size  Location     Type
		None
 Auto vars:     Size  Location     Type
  i               1   24[BANK0 ] unsigned char 
 Return value:  Size  Location     Type
                  1    wreg      void 
 Registers used:
		wreg, fsr2l, fsr2h, status,2, status,0, prodl, prodh, cstack
 Tracked objects:
		On entry : 
		On exit  : 
		Unchanged: 
 Data sizes:     COMRAM   BANK0   BANK1 BANK2hl  BANK2l BANK2hh
      Params:         0       0       0       0       0       0
      Locals:         0       1       0       0       0       0
      Temps:          0       0       0       0       0       0
      Totals:         0       1       0       0       0       0
Total ram usage:        1 bytes
 Hardware stack levels used:    1
 Hardware stack levels required when called:    8
 This function calls:
		_USER_USB_CALLBACK_EVENT_HANDLER
		_memset
 This function is called by:
		_USBCheckStdRequest
 This function uses a non-reentrant model


 *************** function _memset *****************
 Defined at:
		line 8 in file "C:\Program Files (x86)\Microchip\xc8\v1.36\sources\common\memset.c"
 Parameters:    Size  Location     Type
  p1              2    4[BANK0 ] PTR void 
		 -> USBAlternateInterface(1), BDT(32), UEP1(1), 
  c               2    6[BANK0 ] int 
  n               2    8[BANK0 ] unsigned int 
 Auto vars:     Size  Location     Type
  p               2   10[BANK0 ] PTR unsigned char 
		 -> USBAlternateInterface(1), BDT(32), UEP1(1), 
 Return value:  Size  Location     Type
                  2    4[BANK0 ] PTR void 
 Registers used:
		wreg, fsr2l, fsr2h, status,2, status,0
 Tracked objects:
		On entry : 
		On exit  : 
		Unchanged: 
 Data sizes:     COMRAM   BANK0   BANK1 BANK2hl  BANK2l BANK2hh
      Params:         0       6       0       0       0       0
      Locals:         0       2       0       0       0       0
      Temps:          0       0       0       0       0       0
      Totals:         0       8       0       0       0       0
Total ram usage:        8 bytes
 Hardware stack levels used:    1
 Hardware stack levels required when called:    4
 This function calls:
		Nothing
 This function is called by:
		_USBDeviceInit
		_USBStdSetCfgHandler
 This function uses a non-reentrant model


 *************** function _USBStdGetStatusHandler *****************
 Defined at:
		line 2017 in file "usb/usb_device.c"
 Parameters:    Size  Location     Type
		None
 Auto vars:     Size  Location     Type
  p               2    5[BANK0 ] PTR struct __BDT
		 -> RAM(767), NULL(0), BDT(32), 
 Return value:  Size  Location     Type
                  1    wreg      void 
 Registers used:
		wreg, fsr2l, fsr2h, status,2, status,0, prodl, prodh
 Tracked objects:
		On entry : 
		On exit  : 
		Unchanged: 
 Data sizes:     COMRAM   BANK0   BANK1 BANK2hl  BANK2l BANK2hh
      Params:         0       0       0       0       0       0
      Locals:         0       2       0       0       0       0
      Temps:          0       1       0       0       0       0
      Totals:         0       3       0       0       0       0
Total ram usage:        3 bytes
 Hardware stack levels used:    1
 Hardware stack levels required when called:    4
 This function calls:
		Nothing
 This function is called by:
		_USBCheckStdRequest
 This function uses a non-reentrant model


 *************** function _USBStdGetDscHandler *****************
 Defined at:
		line 1939 in file "usb/usb_device.c"
 Parameters:    Size  Location     Type
		None
 Auto vars:     Size  Location     Type
		None
 Return value:  Size  Location     Type
                  1    wreg      void 
 Registers used:
		wreg, fsr1l, fsr1h, status,2, status,0, tblptrl, tblptrh, tblptru, prodl, prodh
 Tracked objects:
		On entry : 
		On exit  : 
		Unchanged: 
 Data sizes:     COMRAM   BANK0   BANK1 BANK2hl  BANK2l BANK2hh
      Params:         0       0       0       0       0       0
      Locals:         0       0       0       0       0       0
      Temps:          0       2       0       0       0       0
      Totals:         0       2       0       0       0       0
Total ram usage:        2 bytes
 Hardware stack levels used:    1
 Hardware stack levels required when called:    4
 This function calls:
		Nothing
 This function is called by:
		_USBCheckStdRequest
 This function uses a non-reentrant model


 *************** function _USBStdFeatureReqHandler *****************
 Defined at:
		line 2606 in file "usb/usb_device.c"
 Parameters:    Size  Location     Type
		None
 Auto vars:     Size  Location     Type
  p               2   28[BANK0 ] PTR struct __BDT
		 -> RAM(767), NULL(0), BDT(32), 
  pUEP            2   25[BANK0 ] PTR unsigned char 
		 -> UEP0(1), 
  current_ep_d    1   27[BANK0 ] struct .
 Return value:  Size  Location     Type
                  1    wreg      void 
 Registers used:
		wreg, fsr2l, fsr2h, status,2, status,0, prodl, prodh, cstack
 Tracked objects:
		On entry : 
		On exit  : 
		Unchanged: 
 Data sizes:     COMRAM   BANK0   BANK1 BANK2hl  BANK2l BANK2hh
      Params:         0       0       0       0       0       0
      Locals:         0       5       0       0       0       0
      Temps:          0       1       0       0       0       0
      Totals:         0       6       0       0       0       0
Total ram usage:        6 bytes
 Hardware stack levels used:    1
 Hardware stack levels required when called:    8
 This function calls:
		_USER_USB_CALLBACK_EVENT_HANDLER
 This function is called by:
		_USBCheckStdRequest
 This function uses a non-reentrant model


 *************** function _USER_USB_CALLBACK_EVENT_HANDLER *****************
 Defined at:
		line 30 in file "usb_events.c"
 Parameters:    Size  Location     Type
  event           2   16[BANK0 ] enum E3683
  pdata           2   18[BANK0 ] PTR void 
		 -> RAM(767), USTATcopy(1), USBActiveConfiguration(1), NULL(0), 
		 -> BDT(32), 
  size            2   20[BANK0 ] unsigned int 
 Auto vars:     Size  Location     Type
		None
 Return value:  Size  Location     Type
                  1    wreg      unsigned char 
 Registers used:
		wreg, fsr2l, fsr2h, status,2, status,0, prodl, prodh, cstack
 Tracked objects:
		On entry : 
		On exit  : 
		Unchanged: 
 Data sizes:     COMRAM   BANK0   BANK1 BANK2hl  BANK2l BANK2hh
      Params:         0       6       0       0       0       0
      Locals:         0       0       0       0       0       0
      Temps:          0       2       0       0       0       0
      Totals:         0       8       0       0       0       0
Total ram usage:        8 bytes
 Hardware stack levels used:    1
 Hardware stack levels required when called:    7
 This function calls:
		_APP_DeviceAudioMIDIInitialize
		_APP_DeviceAudioMIDISOFHandler
 This function is called by:
		_USBDeviceTasks
		_USBStdSetCfgHandler
		_USBSuspend
		_USBWakeFromSuspend
		_USBCtrlTrfSetupHandler
		_USBCheckStdRequest
		_USBStdFeatureReqHandler
 This function uses a non-reentrant model


 *************** function _APP_DeviceAudioMIDISOFHandler *****************
 Defined at:
		line 101 in file "app_device_audio_midi.c"
 Parameters:    Size  Location     Type
		None
 Auto vars:     Size  Location     Type
		None
 Return value:  Size  Location     Type
                  1    wreg      void 
 Registers used:
		wreg, status,2, status,0
 Tracked objects:
		On entry : 
		On exit  : 
		Unchanged: 
 Data sizes:     COMRAM   BANK0   BANK1 BANK2hl  BANK2l BANK2hh
      Params:         0       0       0       0       0       0
      Locals:         0       0       0       0       0       0
      Temps:          0       0       0       0       0       0
      Totals:         0       0       0       0       0       0
Total ram usage:        0 bytes
 Hardware stack levels used:    1
 Hardware stack levels required when called:    4
 This function calls:
		Nothing
 This function is called by:
		_USER_USB_CALLBACK_EVENT_HANDLER
 This function uses a non-reentrant model


 *************** function _APP_DeviceAudioMIDIInitialize *****************
 Defined at:
		line 72 in file "app_device_audio_midi.c"
 Parameters:    Size  Location     Type
		None
 Auto vars:     Size  Location     Type
		None
 Return value:  Size  Location     Type
                  1    wreg      void 
 Registers used:
		wreg, fsr2l, fsr2h, status,2, status,0, prodl, prodh, cstack
 Tracked objects:
		On entry : 
		On exit  : 
		Unchanged: 
 Data sizes:     COMRAM   BANK0   BANK1 BANK2hl  BANK2l BANK2hh
      Params:         0       0       0       0       0       0
      Locals:         0       0       0       0       0       0
      Temps:          0       0       0       0       0       0
      Totals:         0       0       0       0       0       0
Total ram usage:        0 bytes
 Hardware stack levels used:    1
 Hardware stack levels required when called:    6
 This function calls:
		_USBEnableEndpoint
		_USBTransferOnePacket
 This function is called by:
		_USER_USB_CALLBACK_EVENT_HANDLER
 This function uses a non-reentrant model


 *************** function _USBEnableEndpoint *****************
 Defined at:
		line 841 in file "usb/usb_device.c"
 Parameters:    Size  Location     Type
  ep              1    wreg     unsigned char 
  options         1   12[BANK0 ] unsigned char 
 Auto vars:     Size  Location     Type
  ep              1   15[BANK0 ] unsigned char 
  p               2   13[BANK0 ] PTR unsigned char 
		 -> UEP0(1), 
 Return value:  Size  Location     Type
                  1    wreg      void 
 Registers used:
		wreg, fsr2l, fsr2h, status,2, status,0, prodl, prodh, cstack
 Tracked objects:
		On entry : 
		On exit  : 
		Unchanged: 
 Data sizes:     COMRAM   BANK0   BANK1 BANK2hl  BANK2l BANK2hh
      Params:         0       1       0       0       0       0
      Locals:         0       3       0       0       0       0
      Temps:          0       0       0       0       0       0
      Totals:         0       4       0       0       0       0
Total ram usage:        4 bytes
 Hardware stack levels used:    1
 Hardware stack levels required when called:    5
 This function calls:
		_USBConfigureEndpoint
 This function is called by:
		_APP_DeviceAudioMIDIInitialize
 This function uses a non-reentrant model


 *************** function _USBConfigureEndpoint *****************
 Defined at:
		line 1480 in file "usb/usb_device.c"
 Parameters:    Size  Location     Type
  EPNum           1    wreg     unsigned char 
  direction       1    4[BANK0 ] unsigned char 
 Auto vars:     Size  Location     Type
  EPNum           1    9[BANK0 ] unsigned char 
  handle          2   10[BANK0 ] PTR volatile struct __BD
		 -> BDT(32), 
 Return value:  Size  Location     Type
                  1    wreg      void 
 Registers used:
		wreg, fsr2l, fsr2h, status,2, status,0, prodl, prodh
 Tracked objects:
		On entry : 
		On exit  : 
		Unchanged: 
 Data sizes:     COMRAM   BANK0   BANK1 BANK2hl  BANK2l BANK2hh
      Params:         0       1       0       0       0       0
      Locals:         0       3       0       0       0       0
      Temps:          0       4       0       0       0       0
      Totals:         0       8       0       0       0       0
Total ram usage:        8 bytes
 Hardware stack levels used:    1
 Hardware stack levels required when called:    4
 This function calls:
		Nothing
 This function is called by:
		_USBEnableEndpoint
 This function uses a non-reentrant model


 *************** function _USBCtrlTrfOutHandler *****************
 Defined at:
		line 2411 in file "usb/usb_device.c"
 Parameters:    Size  Location     Type
		None
 Auto vars:     Size  Location     Type
		None
 Return value:  Size  Location     Type
                  1    wreg      void 
 Registers used:
		wreg, fsr1l, fsr1h, fsr2l, fsr2h, status,2, status,0, prodl, prodh, cstack
 Tracked objects:
		On entry : 
		On exit  : 
		Unchanged: 
 Data sizes:     COMRAM   BANK0   BANK1 BANK2hl  BANK2l BANK2hh
      Params:         0       0       0       0       0       0
      Locals:         0       0       0       0       0       0
      Temps:          0       0       0       0       0       0
      Totals:         0       0       0       0       0       0
Total ram usage:        0 bytes
 Hardware stack levels used:    1
 Hardware stack levels required when called:    6
 This function calls:
		_USBCtrlTrfRxService
 This function is called by:
		_USBCtrlEPService
 This function uses a non-reentrant model


 *************** function _USBCtrlTrfRxService *****************
 Defined at:
		line 1764 in file "usb/usb_device.c"
 Parameters:    Size  Location     Type
		None
 Auto vars:     Size  Location     Type
  byteToRead      1    5[BANK0 ] unsigned char 
  i               1    4[BANK0 ] unsigned char 
 Return value:  Size  Location     Type
                  1    wreg      void 
 Registers used:
		wreg, fsr1l, fsr1h, fsr2l, fsr2h, status,2, status,0, prodl, prodh, cstack
 Tracked objects:
		On entry : 
		On exit  : 
		Unchanged: 
 Data sizes:     COMRAM   BANK0   BANK1 BANK2hl  BANK2l BANK2hh
      Params:         0       0       0       0       0       0
      Locals:         0       2       0       0       0       0
      Temps:          0       0       0       0       0       0
      Totals:         0       2       0       0       0       0
Total ram usage:        2 bytes
 Hardware stack levels used:    1
 Hardware stack levels required when called:    5
 This function calls:
		_USBCtrlEPAllowStatusStage
 This function is called by:
		_USBCtrlTrfOutHandler
 This function uses a non-reentrant model


 *************** function _USBCtrlEPAllowStatusStage *****************
 Defined at:
		line 1360 in file "usb/usb_device.c"
 Parameters:    Size  Location     Type
		None
 Auto vars:     Size  Location     Type
		None
 Return value:  Size  Location     Type
[...]
 Hardware stack levels required when called:    4
 This function calls:
		Nothing
 This function is called by:
		_USBDeviceTasks
		_USBCtrlEPServiceComplete
		_USBCtrlTrfRxService
 This function uses a non-reentrant model


 *************** function _USBCtrlTrfInHandler *****************
 Defined at:
		line 2460 in file "usb/usb_device.c"
 Parameters:    Size  Location     Type
		None
 Auto vars:     Size  Location     Type
  lastDTS         1    5[BANK0 ] unsigned char 
 Return value:  Size  Location     Type
                  1    wreg      void 
 Registers used:
		wreg, fsr1l, fsr1h, fsr2l, fsr2h, status,2, status,0, tblptrl, tblptrh, tblptru, cstack
 Tracked objects:
		On entry : 
		On exit  : 
		Unchanged: 
 Data sizes:     COMRAM   BANK0   BANK1 BANK2hl  BANK2l BANK2hh
      Params:         0       0       0       0       0       0
      Locals:         0       1       0       0       0       0
      Temps:          0       0       0       0       0       0
      Totals:         0       1       0       0       0       0
Total ram usage:        1 bytes
 Hardware stack levels used:    1
 Hardware stack levels required when called:    5
 This function calls:
		_USBCtrlTrfTxService
 This function is called by:
		_USBCtrlEPService
 This function uses a non-reentrant model


 *************** function _USBCtrlTrfTxService *****************
 Defined at:
		line 1690 in file "usb/usb_device.c"
 Parameters:    Size  Location     Type
		None
 Auto vars:     Size  Location     Type
  byteToSend      1    4[BANK0 ] unsigned char 
 Return value:  Size  Location     Type
                  1    wreg      void 
 Registers used:
		wreg, fsr1l, fsr1h, fsr2l, fsr2h, status,2, status,0, tblptrl, tblptrh, tblptru
 Tracked objects:
		On entry : 
		On exit  : 
		Unchanged: 
 Data sizes:     COMRAM   BANK0   BANK1 BANK2hl  BANK2l BANK2hh
      Params:         0       0       0       0       0       0
      Locals:         0       1       0       0       0       0
      Temps:          0       0       0       0       0       0
      Totals:         0       1       0       0       0       0
Total ram usage:        1 bytes
 Hardware stack levels used:    1
 Hardware stack levels required when called:    4
 This function calls:
		Nothing
 This function is called by:
		_USBCtrlEPAllowDataStage
		_USBCtrlTrfInHandler
 This function uses a non-reentrant model


 *************** function _SYSTEM_Initialize *****************
 Defined at:
		line 192 in file "system.c"
 Parameters:    Size  Location     Type
  state           1    wreg     enum E3653
 Auto vars:     Size  Location     Type
  state           1    4[BANK0 ] enum E3653
 Return value:  Size  Location     Type
                  1    wreg      void 
 Registers used:
		wreg, status,2, status,0
 Tracked objects:
		On entry : 
		On exit  : 
		Unchanged: 
 Data sizes:     COMRAM   BANK0   BANK1 BANK2hl  BANK2l BANK2hh
      Params:         0       0       0       0       0       0
      Locals:         0       1       0       0       0       0
      Temps:          0       0       0       0       0       0
      Totals:         0       1       0       0       0       0
Total ram usage:        1 bytes
 Hardware stack levels used:    1
 Hardware stack levels required when called:    4
 This function calls:
		Nothing
 This function is called by:
		_main
 This function uses a non-reentrant model


 *************** function _APP_DeviceAudioMIDITasks *****************
 Defined at:
		line 122 in file "app_device_audio_midi.c"
 Parameters:    Size  Location     Type
		None
 Auto vars:     Size  Location     Type
  bend            4   28[BANK0 ] unsigned long 
  expression      1   27[BANK0 ] unsigned char 
  bendChangeab    1   26[BANK0 ] const unsigned char 
  s               6   32[BANK0 ] struct sRecoderStatus
 Return value:  Size  Location     Type
                  1    wreg      void 
 Registers used:
		wreg, fsr1l, fsr1h, fsr2l, fsr2h, status,2, status,0, prodl, prodh, cstack
 Tracked objects:
		On entry : 
		On exit  : 
		Unchanged: 
 Data sizes:     COMRAM   BANK0   BANK1 BANK2hl  BANK2l BANK2hh
      Params:         0       0       0       0       0       0
      Locals:         0      12       0       0       0       0
      Temps:          0      10       0       0       0       0
      Totals:         0      22       0       0       0       0
Total ram usage:       22 bytes
 Hardware stack levels used:    1
 Hardware stack levels required when called:    5
 This function calls:
		_USBTransferOnePacket
		___lmul
		___wmul
 This function is called by:
		_main
 This function uses a non-reentrant model


 *************** function ___wmul *****************
 Defined at:
		line 15 in file "C:\Program Files (x86)\Microchip\xc8\v1.36\sources\common\Umul16.c"
 Parameters:    Size  Location     Type
  multiplier      2    4[BANK0 ] unsigned int 
  multiplicand    2    6[BANK0 ] unsigned int 
 Auto vars:     Size  Location     Type
  product         2    8[BANK0 ] unsigned int 
 Return value:  Size  Location     Type
                  2    4[BANK0 ] unsigned int 
 Registers used:
		wreg, status,2, status,0, prodl, prodh
 Tracked objects:
		On entry : 
		On exit  : 
		Unchanged: 
 Data sizes:     COMRAM   BANK0   BANK1 BANK2hl  BANK2l BANK2hh
      Params:         0       4       0       0       0       0
      Locals:         0       2       0       0       0       0
      Temps:          0       0       0       0       0       0
      Totals:         0       6       0       0       0       0
Total ram usage:        6 bytes
 Hardware stack levels used:    1
 Hardware stack levels required when called:    4
 This function calls:
		Nothing
 This function is called by:
		_APP_DeviceAudioMIDITasks
 This function uses a non-reentrant model


 *************** function ___lmul *****************
 Defined at:
		line 15 in file "C:\Program Files (x86)\Microchip\xc8\v1.36\sources\common\Umul32.c"
 Parameters:    Size  Location     Type
  multiplier      4    4[BANK0 ] unsigned long 
  multiplicand    4    8[BANK0 ] unsigned long 
 Auto vars:     Size  Location     Type
  product         4   12[BANK0 ] unsigned long 
 Return value:  Size  Location     Type
                  4    4[BANK0 ] unsigned long 
 Registers used:
		wreg, status,2, status,0
 Tracked objects:
		On entry : 
		On exit  : 
		Unchanged: 
 Data sizes:     COMRAM   BANK0   BANK1 BANK2hl  BANK2l BANK2hh
      Params:         0       8       0       0       0       0
      Locals:         0       4       0       0       0       0
      Temps:          0       0       0       0       0       0
      Totals:         0      12       0       0       0       0
Total ram usage:       12 bytes
 Hardware stack levels used:    1
 Hardware stack levels required when called:    4
 This function calls:
		Nothing
 This function is called by:
		_APP_DeviceAudioMIDITasks
 This function uses a non-reentrant model


 *************** function _USBTransferOnePacket *****************
 Defined at:
		line 955 in file "usb/usb_device.c"
 Parameters:    Size  Location     Type
  ep              1    wreg     unsigned char 
  dir             1    4[BANK0 ] unsigned char 
  data            2    5[BANK0 ] PTR unsigned char 
		 -> midiData(4), ReceivedDataBuffer(64), 
  len             1    7[BANK0 ] unsigned char 
 Auto vars:     Size  Location     Type
  ep              1   12[BANK0 ] unsigned char 
  handle          2   13[BANK0 ] PTR volatile struct __BD
		 -> RAM(767), NULL(0), BDT(32), 
 Return value:  Size  Location     Type
                  2    4[BANK0 ] PTR void 
 Registers used:
		wreg, fsr2l, fsr2h, status,2, status,0, prodl, prodh
 Tracked objects:
		On entry : 
		On exit  : 
		Unchanged: 
 Data sizes:     COMRAM   BANK0   BANK1 BANK2hl  BANK2l BANK2hh
      Params:         0       4       0       0       0       0
      Locals:         0       3       0       0       0       0
      Temps:          0       4       0       0       0       0
      Totals:         0      11       0       0       0       0
Total ram usage:       11 bytes
 Hardware stack levels used:    1
 Hardware stack levels required when called:    4
 This function calls:
		Nothing
 This function is called by:
		_APP_DeviceAudioMIDIInitialize
		_APP_DeviceAudioMIDITasks
 This function uses a non-reentrant model


 *************** function _IRQ_Usr *****************
 Defined at:
		line 264 in file "system.c"
 Parameters:    Size  Location     Type
		None
 Auto vars:     Size  Location     Type
  swState         1    3[BANK0 ] unsigned char 
  a               1    2[BANK0 ] unsigned char 
  temp            1    1[BANK0 ] volatile unsigned char 
  data            1    0[BANK0 ] unsigned char 
 Return value:  Size  Location     Type
                  1    wreg      void 
 Registers used:
		wreg, fsr2l, fsr2h, status,2, status,0, tblptrl, tblptrh, tblptru, prodl, prodh, cstack
 Tracked objects:
		On entry : 
		On exit  : 
		Unchanged: 
 Data sizes:     COMRAM   BANK0   BANK1 BANK2hl  BANK2l BANK2hh
      Params:         0       0       0       0       0       0
      Locals:         0       4       0       0       0       0
      Temps:         21       0       0       0       0       0
      Totals:        21       4       0       0       0       0
Total ram usage:       25 bytes
 Hardware stack levels used:    1
 Hardware stack levels required when called:    3
 This function calls:
		_GetSwitchState
		_SregSend
		_UART_ReceiveHandler
 This function is called by:
		Interrupt level 1
 This function uses a non-reentrant model


 *************** function _UART_ReceiveHandler *****************
 Defined at:
		line 111 in file "system.c"
 Parameters:    Size  Location     Type
  data            1    wreg     unsigned char 
 Auto vars:     Size  Location     Type
  data            1   33[COMRAM] unsigned char 
  expression      2   34[COMRAM] unsigned int 
 Return value:  Size  Location     Type
                  1    wreg      void 
 Registers used:
		wreg, fsr2l, fsr2h, status,2, status,0, tblptrl, tblptrh, tblptru, prodl, prodh, cstack
 Tracked objects:
		On entry : 
		On exit  : 
		Unchanged: 
 Data sizes:     COMRAM   BANK0   BANK1 BANK2hl  BANK2l BANK2hh
      Params:         0       0       0       0       0       0
      Locals:         3       0       0       0       0       0
      Temps:          2       0       0       0       0       0
      Totals:         5       0       0       0       0       0
Total ram usage:        5 bytes
 Hardware stack levels used:    1
 Hardware stack levels required when called:    2
 This function calls:
		_SwitchToToneNo
		i1___wmul
 This function is called by:
		_IRQ_Usr
 This function uses a non-reentrant model


 *************** function i1___wmul *****************
 Defined at:
		line 15 in file "C:\Program Files (x86)\Microchip\xc8\v1.36\sources\common\Umul16.c"
 Parameters:    Size  Location     Type
  multiplier      2   14[COMRAM] unsigned int 
  multiplicand    2   16[COMRAM] unsigned int 
 Auto vars:     Size  Location     Type
  __wmul          2   18[COMRAM] unsigned int 
 Return value:  Size  Location     Type
                  2   14[COMRAM] unsigned int 
 Registers used:
		wreg, status,2, status,0, prodl, prodh
 Tracked objects:
		On entry : 
		On exit  : 
		Unchanged: 
 Data sizes:     COMRAM   BANK0   BANK1 BANK2hl  BANK2l BANK2hh
      Params:         4       0       0       0       0       0
      Locals:         2       0       0       0       0       0
      Temps:          0       0       0       0       0       0
      Totals:         6       0       0       0       0       0
Total ram usage:        6 bytes
 Hardware stack levels used:    1
 Hardware stack levels required when called:    1
 This function calls:
		Nothing
 This function is called by:
		_UART_ReceiveHandler
 This function uses a non-reentrant model


 *************** function _SwitchToToneNo *****************
 Defined at:
		line 93 in file "system.c"
 Parameters:    Size  Location     Type
  swL             1    wreg     unsigned char 
  swH             1   14[COMRAM] unsigned char 
  pTone           2   15[COMRAM] PTR unsigned char 
		 -> g_status(6), 
  pSemitone       2   17[COMRAM] PTR unsigned char 
		 -> g_status(6), 
 Auto vars:     Size  Location     Type
  swL             1   24[COMRAM] unsigned char 
  idx             2   27[COMRAM] unsigned int 
  finger          2   25[COMRAM] unsigned int 
  i               1   30[COMRAM] unsigned char 
  a               1   29[COMRAM] unsigned char 
 Return value:  Size  Location     Type
                  1    wreg      void 
 Registers used:
		wreg, fsr2l, fsr2h, status,2, status,0, tblptrl, tblptrh, tblptru
 Tracked objects:
		On entry : 
		On exit  : 
		Unchanged: 
 Data sizes:     COMRAM   BANK0   BANK1 BANK2hl  BANK2l BANK2hh
      Params:         5       0       0       0       0       0
      Locals:         7       0       0       0       0       0
      Temps:          5       0       0       0       0       0
      Totals:        17       0       0       0       0       0
Total ram usage:       17 bytes
 Hardware stack levels used:    1
 Hardware stack levels required when called:    1
 This function calls:
		Nothing
 This function is called by:
		_UART_ReceiveHandler
 This function uses a non-reentrant model


 *************** function _SregSend *****************
 Defined at:
		line 146 in file "system.c"
 Parameters:    Size  Location     Type
  d               2   14[COMRAM] unsigned int 
 Auto vars:     Size  Location     Type
  i               1   16[COMRAM] unsigned char 
 Return value:  Size  Location     Type
                  1    wreg      void 
 Registers used:
		wreg, status,2, status,0
 Tracked objects:
		On entry : 
		On exit  : 
		Unchanged: 
 Data sizes:     COMRAM   BANK0   BANK1 BANK2hl  BANK2l BANK2hh
      Params:         2       0       0       0       0       0
      Locals:         1       0       0       0       0       0
      Temps:          0       0       0       0       0       0
      Totals:         3       0       0       0       0       0
Total ram usage:        3 bytes
 Hardware stack levels used:    1
 Hardware stack levels required when called:    1
 This function calls:
		Nothing
 This function is called by:
		_IRQ_Usr
 This function uses a non-reentrant model


 *************** function _GetSwitchState *****************
 Defined at:
		line 13 in file "YSwitchProc.c"
 Parameters:    Size  Location     Type
  curPortState    1    wreg     const unsigned char 
  pSwState        2   14[COMRAM] PTR unsigned char 
		 -> IRQ_Usr@swState(1), 
 Auto vars:     Size  Location     Type
  curPortState    1   16[COMRAM] const unsigned char 
  sw              1   17[COMRAM] unsigned char 
 Return value:  Size  Location     Type
                  1    wreg      void 
 Registers used:
		wreg, fsr2l, fsr2h, status,2, status,0
 Tracked objects:
		On entry : 
		On exit  : 
		Unchanged: 
 Data sizes:     COMRAM   BANK0   BANK1 BANK2hl  BANK2l BANK2hh
      Params:         2       0       0       0       0       0
      Locals:         2       0       0       0       0       0
      Temps:          0       0       0       0       0       0
      Totals:         4       0       0       0       0       0
Total ram usage:        4 bytes
 Hardware stack levels used:    1
 Hardware stack levels required when called:    1
 This function calls:
		Nothing
 This function is called by:
		_IRQ_Usr
 This function uses a non-reentrant model


 *************** function _SYS_InterruptHigh *****************
 Defined at:
		line 357 in file "system.c"
 Parameters:    Size  Location     Type
		None
 Auto vars:     Size  Location     Type
		None
 Return value:  Size  Location     Type
                  1    wreg      void 
 Registers used:
		None
 Tracked objects:
		On entry : 
		On exit  : 
		Unchanged: 
 Data sizes:     COMRAM   BANK0   BANK1 BANK2hl  BANK2l BANK2hh
      Params:         0       0       0       0       0       0
      Locals:         0       0       0       0       0       0
      Temps:         14       0       0       0       0       0
      Totals:        14       0       0       0       0       0
Total ram usage:       14 bytes
 Hardware stack levels used:    1
 This function calls:
		Nothing
 This function is called by:
		Interrupt level 2
 This function uses a non-reentrant model



MODULE INFORMATION

Module		Function		Class		Link	Load	Size
app_device_audio_midi.c
		_APP_DeviceAudioMIDITasks		CODE           	02E4	0000	1391
		_APP_DeviceAudioMIDIInitialize		CODE           	1FD8	0000	95
		_APP_DeviceAudioMIDISOFHandler		CODE           	22B2	0000	15

app_device_audio_midi.c estimated size: 1501

C:\Program Files (x86)\Microchip\xc8\v1.36\sources\common\memset.c
		_memset        		CODE           	21C2	0000	53

C:\Program Files (x86)\Microchip\xc8\v1.36\sources\common\memset.c estimated size: 53

YSwitchProc.c
		_GetSwitchState		CODE           	1D18	0000	161

YSwitchProc.c estimated size: 161

C:\Program Files (x86)\Microchip\xc8\v1.36\sources\common\memcpy.c
		_memcpy        		CODE           	2086	0000	75

C:\Program Files (x86)\Microchip\xc8\v1.36\sources\common\memcpy.c estimated size: 75

C:\Program Files (x86)\Microchip\xc8\v1.36\sources\common\Umul16.c
		___wmul        		CODE           	218C	0000	55

C:\Program Files (x86)\Microchip\xc8\v1.36\sources\common\Umul16.c estimated size: 55

usb/usb_device.c
		_USBCtrlTrfInHandler		CODE           	1644	0000	227
		_USBTransferOnePacket		CODE           	10F6	0000	309
		_USBStdGetDscHandler		CODE           	0E78	0000	329
		_USBCtrlEPAllowDataStage		CODE           	1BCE	0000	169
		_USBStdFeatureReqHandler		CODE           	0852	0000	779
		_USBCtrlEPAllowStatusStage		CODE           	1726	0000	221
		_USBCtrlTrfSetupHandler		CODE           	1A5C	0000	187
		_USBCtrlTrfOutHandler		CODE           	1F0E	0000	105
		_USBCtrlEPServiceComplete		CODE           	122A	0000	279
		_USBSuspend    		CODE           	2154	0000	57
		_USBStdSetCfgHandler		CODE           	1340	0000	279
		_USBStdGetStatusHandler		CODE           	18CE	0000	201
		_USBWakeFromSuspend		CODE           	2116	0000	63
		_USBCtrlTrfRxService		CODE           	0FC0	0000	311
		_USBCtrlTrfTxService		CODE           	1552	0000	243
		_USBEnableEndpoint		CODE           	2036	0000	81
		_USBConfigureEndpoint		CODE           	1802	0000	205
		_USBDeviceInit 		CODE           	0CF6	0000	387
		_USBIncrement1msInternalTimers		CODE           	222A	0000	41
		_USBCtrlEPService		CODE           	1B16	0000	185
		_USBStallHandler		CODE           	20D0	0000	71
		_USBDeviceTasks		CODE           	0B5C	0000	411
		_USBCheckStdRequest		CODE           	1456	0000	253

usb/usb_device.c estimated size: 5393

shared
		_configDescriptor1		MEDIUMCONST    	3F2B	0000	102
		_USB_CD_Ptr    		MEDIUMCONST    	3F29	0000	3
		_sd001         		MEDIUMCONST    	3F90	0000	45
		_sd002         		MEDIUMCONST    	3FBC	0000	45
		i1___wmul      		CODE           	2278	0000	39
		_toneList      		MEDIUMCONST    	36F1	0000	2049
		__initialization		CODE           	2252	0000	25
		_device_dsc    		MEDIUMCONST    	3FE8	0000	19
		_g_fontTable   		MEDIUMCONST    	3EF1	0000	51
		_USB_SD_Ptr    		MEDIUMCONST    	3F23	0000	7
		_sd000         		MEDIUMCONST    	3FFA	0000	5

shared estimated size: 2390

usb_events.c
		_USER_USB_CALLBACK_EVENT_HANDLER		CODE           	1F76	0000	99

usb_events.c estimated size: 99

C:\Program Files (x86)\Microchip\xc8\v1.36\sources\common\Umul32.c
		___lmul        		CODE           	1DB8	0000	119

C:\Program Files (x86)\Microchip\xc8\v1.36\sources\common\Umul32.c estimated size: 119

main.c
		_main          		CODE           	229E	0000	21

main.c estimated size: 21

system.c
		_SYS_InterruptHigh		CODE           	0008	0000	123
		_SregSend      		CODE           	21F6	0000	53
		_UART_ReceiveHandler		CODE           	1C76	0000	163
		_SYSTEM_Initialize		CODE           	1E2E	0000	117
		_SwitchToToneNo		CODE           	1996	0000	199
		_IRQ_Usr       		CODE           	0018	0000	713

system.c estimated size: 1368

