Microchip MPLAB XC8 Compiler V1.36 ()

Linker command line:

--edf=C:\Program Files (x86)\Microchip\xc8\v1.36\dat\en_msgs.txt -cs \
  -h+dist/LPCUSBDK_18F14K50/production\YUS_Synth.X.production.sym \
  --cmf=dist/LPCUSBDK_18F14K50/production\YUS_Synth.X.production.cmf -z \
  -Q18F14K50 -oC:\Users\HIROYU~1\AppData\Local\Temp\s43s.2 \
  -Mdist/LPCUSBDK_18F14K50/production/YUS_Synth.X.production.map -E1 \
  -ver=XC8 -ASTACK=099h-01ffh -pstack=STACK -ACODE=00h-03FFFh \
  -ACONST=00h-03FFFh -ASMALLCONST=0300h-03FFhx61 -AMEDIUMCONST=0300h-03FFFh \
  -ACOMRAM=01h-05Fh -AABS1=00h-02FFh -ABIGRAM=01h-02FFh \
  -ARAM=060h-0FFh,0100h-01FFhx2 -ABANK0=060h-0FFh -ABANK1=0100h-01FFh \
  -ABANK2=0200h-02FFh -ASFR=0F53h-0F5Fh,0F60h-0FFFh \
  -preset_vec=00h,intcode=08h,intcodelo=018h,powerup,init,end_init \
  -pramtop=0300h -psmallconst=SMALLCONST -pmediumconst=MEDIUMCONST \
  -pconst=CONST -AFARRAM=00h-00h -ACONFIG=0300000h-030000Dh -pconfig=CONFIG \
  -AIDLOC=0200000h-0200007h -pidloc=IDLOC -AEEDATA=0F00000h-0F000FFh \
  -peeprom_data=EEDATA \
  -prdata=COMRAM,nvrram=COMRAM,nvbit=COMRAM,rbss=COMRAM,rbit=COMRAM \
  -pfarbss=FARRAM,fardata=FARRAM,nvFARRAM=FARRAM \
  -pintsave_regs=BIGRAM,bigbss=BIGRAM,bigdata=BIGRAM -pbss=RAM \
  -pidata=CODE,irdata=CODE,ibigdata=CODE,ifardata=CODE -prparam=COMRAM \
  C:\Users\HIROYU~1\AppData\Local\Temp\s43s.obj \
  dist/LPCUSBDK_18F14K50/production\YUS_Synth.X.production.obj 

Object code version is 3.11

Machine type is 18F14K50

Call graph: (short form)




                Name                               Link     Load   Length Selector   Space Scale
C:\Users\HIROYU~1\AppData\Local\Temp\s43s.obj
                end_init                             D8       D8        4        C       0
                reset_vec                             0        0        4        0       0
                idloc                            200000   200000        8   200000       0
                config                           300000   300000        E   300000       0
dist/LPCUSBDK_18F14K50/production\YUS_Synth.X.production.obj
                intcodelo                            18       18       C0        C       0
                intcode                               8        8        E        4       0
                temp                                 43       43        1        1       1
                smallconst                          300      300       D6      180       0
                intcode_body                       1852     1852       6C      1EB       0
                text34                             1BC6     1BC6       2A      1EB       0
                text33                              B30      B30      134      1EB       0
                text32                              9C0      9C0      170      1EB       0
                text31                             191E     191E       56      1EB       0
                text30                             1192     1192       DE      1EB       0
                text29                             133C     133C       CC      1EB       0
                text28                             1408     1408       C6      1EB       0
                text27                              D90      D90      128      1EB       0
                text26                             18BE     18BE       60      1EB       0
                text25                             1270     1270       CC      1EB       0
                text24                             19C8     19C8       50      1EB       0
                text23                             1974     1974       54      1EB       0
                text22                             1C52     1C52        A      1EB       0
                text21                             1B20     1B20       3A      1EB       0
                text20                             1AE6     1AE6       3A      1EB       0
                text19                             175C     175C       80      1EB       0
                text18                             17DC     17DC       76      1EB       0
                text17                              3D6      3D6      302      1EB       0
                text16                              C64      C64      12C      1EB       0
                text15                             14CE     14CE       B6      1EB       0
                text14                             1B92     1B92       34      1EB       0
                text13                              EB8      EB8      106      1EB       0
                text12                             10B0     10B0       E2      1EB       0
                text11                             16C4     16C4       98      1EB       0
                text10                              FBE      FBE       F2      1EB       0
                text9                              1628     1628       9C      1EB       0
                text8                              1A18     1A18       4A      1EB       0
                text7                              1584     1584       A4      1EB       0
                text6                               850      850      170      1EB       0
                text5                              1BF0     1BF0       28      1EB       0
                text4                              1A62     1A62       46      1EB       0
                text3                              1B5A     1B5A       38      1EB       0
                text2                              1AA8     1AA8       3E      1EB       0
                text1                               6D8      6D8      178      1EB       0
                text0                              1C3E     1C3E       14      1EB       0
                cstackCOMRAM                         24       24       1F        1       1
                cstackBANK0                          7D       7D       1C       60       1
                bssBANK0                             60       60       1D       60       1
                bssCOMRAM                             1        1       23        1       1
                cinit                              1C18     1C18       26      1EB       0

TOTAL           Name                               Link     Load   Length     Space
        CLASS   STACK          

        CLASS   CODE           
                end_init                             D8       D8        4         0
                intcodelo                            18       18       C0         0
                intcode                               8        8        E         0
                reset_vec                             0        0        4         0
                intcode_body                       1852     1852       6C         0
                text34                             1BC6     1BC6       2A         0
                text33                              B30      B30      134         0
                text32                              9C0      9C0      170         0
                text31                             191E     191E       56         0
                text30                             1192     1192       DE         0
                text29                             133C     133C       CC         0
                text28                             1408     1408       C6         0
                text27                              D90      D90      128         0
                text26                             18BE     18BE       60         0
                text25                             1270     1270       CC         0
                text24                             19C8     19C8       50         0
                text23                             1974     1974       54         0
                text22                             1C52     1C52        A         0
                text21                             1B20     1B20       3A         0
                text20                             1AE6     1AE6       3A         0
                text19                             175C     175C       80         0
                text18                             17DC     17DC       76         0
                text17                              3D6      3D6      302         0
                text16                              C64      C64      12C         0
                text15                             14CE     14CE       B6         0
                text14                             1B92     1B92       34         0
                text13                              EB8      EB8      106         0
                text12                             10B0     10B0       E2         0
                text11                             16C4     16C4       98         0
                text10                              FBE      FBE       F2         0
                text9                              1628     1628       9C         0
                text8                              1A18     1A18       4A         0
                text7                              1584     1584       A4         0
                text6                               850      850      170         0
                text5                              1BF0     1BF0       28         0
                text4                              1A62     1A62       46         0
                text3                              1B5A     1B5A       38         0
                text2                              1AA8     1AA8       3E         0
                text1                               6D8      6D8      178         0
                text0                              1C3E     1C3E       14         0
                cinit                              1C18     1C18       26         0

        CLASS   CONST          

        CLASS   SMALLCONST     
                smallconst                          300      300       D6         0

        CLASS   MEDIUMCONST    

        CLASS   COMRAM         
                temp                                 43       43        1         1
                cstackCOMRAM                         24       24       1F         1
                bssCOMRAM                             1        1       23         1

        CLASS   ABS1           
                abs_s1                              200      200       30         1
                abs_s1                              240      240       40         1
                abs_s1                              2C0      2C0        4         1

        CLASS   BIGRAM         

        CLASS   RAM            

        CLASS   BANK0          
                cstackBANK0                          7D       7D       1C         1
                bssBANK0                             60       60       1D         1

        CLASS   BANK1          

        CLASS   BANK2          

        CLASS   SFR            

        CLASS   FARRAM         

        CLASS   CONFIG         
                config                           300000   300000        E         0

        CLASS   IDLOC          
                idloc                            200000   200000        8         0

        CLASS   EEDATA         



SEGMENTS        Name                           Load    Length   Top    Selector   Space  Class

                reset_vec                      000000  000004  000004         0       0  CODE    
                bssCOMRAM                      000001  000043  000044         1       1  COMRAM  
                intcode                        000008  00000E  000016         4       0  CODE    
                intcodelo                      000018  0000C4  0000DC         C       0  CODE    
                bssBANK0                       000060  000039  000099        60       1  BANK0   
                smallconst                     000300  0000D6  0003D6       180       0  SMALLCON
                text17                         0003D6  001886  001C5C       1EB       0  CODE    
                idloc                          200000  000008  200008    200000       0  IDLOC   
                config                         300000  00000E  30000E    300000       0  CONFIG  


UNUSED ADDRESS RANGES

        Name                Unused          Largest block    Delta
        BANK0            000099-0000FF               67
        BANK1            000100-0001FF              100
        BANK2            000230-00023F               10
                         000280-0002BF               40
                         0002C4-0002FF               3C
        BIGRAM           000044-00005F               1C
                         000099-0001FF              167
                         000230-00023F               10
                         000280-0002BF               40
                         0002C4-0002FF               3C
        CODE             000004-000007                4
                         000016-000017                2
                         0000DC-0002FF              224
                         001C5C-003FFF             23A4
        COMRAM           000044-00005F               1C
        CONST            000004-000007                4
                         000016-000017                2
                         0000DC-0002FF              224
                         001C5C-003FFF             23A4
        EEDATA           F00000-F000FF              100
        MEDIUMCONST      001C5C-003FFF             23A4
        RAM              000099-0001FF               67
                         000230-00023F               10
                         000280-0002BF               40
                         0002C4-0002FF               3C
        SFR              000F53-000FFF                D
        SMALLCONST       001C5C-003FFF              100
        STACK            000099-0001FF              167

                                  Symbol Table

?_USBTransferOnePacket                    cstackBANK0  00007D
APP_LEDUpdateUSBStatus@ledCount           bssCOMRAM    00000B
BUTTON_IsPressed@button                   cstackBANK0  00007D
IRQ_Usr@curChannel                        bssBANK0     000078
IRQ_Usr@localCnt                          bssBANK0     000079
LED_Off@led                               cstackBANK0  00007D
LED_On@led                                cstackBANK0  00007D
SYSTEM_Initialize@state                   cstackBANK0  00007D
USBConfigureEndpoint@EPNum                cstackBANK0  000082
USBConfigureEndpoint@direction            cstackBANK0  00007D
USBConfigureEndpoint@handle               cstackBANK0  000083
USBCtrlTrfInHandler@lastDTS               cstackBANK0  00007E
USBCtrlTrfRxService@byteToRead            cstackBANK0  00007E
USBCtrlTrfRxService@i                     cstackBANK0  00007D
USBCtrlTrfTxService@byteToSend            cstackBANK0  00007D
USBDeviceInit@i                           cstackBANK0  000085
USBDeviceTasks@i                          cstackBANK0  000098
USBEnableEndpoint@ep                      cstackBANK0  000088
USBEnableEndpoint@options                 cstackBANK0  000085
USBEnableEndpoint@p                       cstackBANK0  000086
USBStdFeatureReqHandler@current_ep_data   cstackBANK0  000094
USBStdFeatureReqHandler@p                 cstackBANK0  000095
USBStdFeatureReqHandler@pUEP              cstackBANK0  000092
USBStdGetStatusHandler@p                  cstackBANK0  00007E
USBStdSetCfgHandler@i                     cstackBANK0  000091
USBTransferOnePacket@data                 cstackBANK0  00007E
USBTransferOnePacket@dir                  cstackBANK0  00007D
USBTransferOnePacket@ep                   cstackBANK0  000085
USBTransferOnePacket@handle               cstackBANK0  000086
USBTransferOnePacket@len                  cstackBANK0  000080
USER_USB_CALLBACK_EVENT_HANDLER@event     cstackBANK0  000089
USER_USB_CALLBACK_EVENT_HANDLER@pdata     cstackBANK0  00008B
USER_USB_CALLBACK_EVENT_HANDLER@size      cstackBANK0  00008D
_ANSEL                                    (abs)        000F7E
_ANSELH                                   (abs)        000F7F
_APP_DeviceAudioMIDIInitialize            text23       001974
_APP_DeviceAudioMIDISOFHandler            text22       001C52
_APP_DeviceAudioMIDITasks                 text32       0009C0
_APP_LEDUpdateUSBStatus                   text19       00175C
_BDT                                      (abs)        000200
_BUTTON_IsPressed                         text34       001BC6
_BothEP0OutUOWNsSet                       bssBANK0     00007A
_CCP1CON                                  (abs)        000FBD
_CCPR1                                    (abs)        000FBE
_CtrlTrfData                              (abs)        000228
_INTCON2bits                              (abs)        000FF1
_INTCONbits                               (abs)        000FF2
_IRQ_Usr                                  intcodelo    000018
_LATC                                     (abs)        000F8B
_LATCbits                                 (abs)        000F8B
_LED_Off                                  text21       001B20
_LED_On                                   text20       001AE6
_PIE2bits                                 (abs)        000FA0
_PIR2bits                                 (abs)        000FA1
_PORTAbits                                (abs)        000F80
_PORTCbits                                (abs)        000F82
_ReceivedDataBuffer                       (abs)        000240
_RemoteWakeup                             bssCOMRAM    000013
_SYSTEM_Initialize                        text31       00191E
_SYS_InterruptHigh                        intcode      000008
_SetupPkt                                 (abs)        000220
_T0CON                                    (abs)        000FD5
_T1CON                                    (abs)        000FCD
_T3CON                                    (abs)        000FB1
_TMR3                                     (abs)        000FB2
_TRISC                                    (abs)        000F94
_TRISCbits                                (abs)        000F94
_UADDR                                    (abs)        000F5C
_UCFG                                     (abs)        000F61
_UCON                                     (abs)        000F64
_UCONbits                                 (abs)        000F64
_UEIE                                     (abs)        000F5B
_UEIR                                     (abs)        000F5F
_UEP0                                     (abs)        000F53
_UEP0bits                                 (abs)        000F53
_UEP1                                     (abs)        000F54
_UIE                                      (abs)        000F60
_UIEbits                                  (abs)        000F60
_UIR                                      (abs)        000F62
_UIRbits                                  (abs)        000F62
_USB1msTickCount                          bssBANK0     000068
_USBActiveConfiguration                   bssCOMRAM    000021
_USBAlternateInterface                    bssCOMRAM    000022
_USBBusIsSuspended                        bssBANK0     00007B
_USBCheckStdRequest                       text12       0010B0
_USBConfigureEndpoint                     text25       001270
_USBCtrlEPAllowDataStage                  text11       0016C4
_USBCtrlEPAllowStatusStage                text28       001408
_USBCtrlEPService                         text7        001584
_USBCtrlEPServiceComplete                 text10       000FBE
_USBCtrlTrfInHandler                      text29       00133C
_USBCtrlTrfOutHandler                     text26       0018BE
_USBCtrlTrfRxService                      text27       000D90
_USBCtrlTrfSetupHandler                   text9        001628
_USBCtrlTrfTxService                      text30       001192
_USBDeferINDataStagePackets               bssCOMRAM    000014
_USBDeferOUTDataStagePackets              bssCOMRAM    000015
_USBDeferStatusStagePacket                bssCOMRAM    000016
_USBDeviceInit                            text6        000850
_USBDeviceState                           bssCOMRAM    000017
_USBDeviceTasks                           text1        0006D8
_USBEnableEndpoint                        text24       0019C8
_USBIncrement1msInternalTimers            text5        001BF0
_USBRxHandle                              bssBANK0     000070
_USBStallHandler                          text4        001A62
_USBStatusStageEnabledFlag1               bssCOMRAM    000018
_USBStatusStageEnabledFlag2               bssCOMRAM    000019
_USBStatusStageTimeoutCounter             bssCOMRAM    00001A
_USBStdFeatureReqHandler                  text17       0003D6
_USBStdGetDscHandler                      text16       000C64
_USBStdGetStatusHandler                   text15       0014CE
_USBStdSetCfgHandler                      text13       000EB8
_USBSuspend                               text3        001B5A
_USBTicksSinceSuspendEnd                  bssBANK0     00007C
_USBTransferOnePacket                     text33       000B30
_USBTxHandle                              bssCOMRAM    00000D
_USBWakeFromSuspend                       text2        001AA8
_USB_CD_Ptr                               smallconst   000307
_USB_SD_Ptr                               smallconst   000301
_USER_USB_CALLBACK_EVENT_HANDLER          text18       0017DC
_USTAT                                    (abs)        000F63
_USTATcopy                                bssCOMRAM    000023
__CFG_BBSIZ$OFF                           (abs)        000000
__CFG_BOREN$OFF                           (abs)        000000
__CFG_BORV$30                             (abs)        000000
__CFG_CP0$OFF                             (abs)        000000
__CFG_CP1$OFF                             (abs)        000000
__CFG_CPB$OFF                             (abs)        000000
__CFG_CPUDIV$NOCLKDIV                     (abs)        000000
__CFG_EBTR0$OFF                           (abs)        000000
__CFG_EBTR1$OFF                           (abs)        000000
__CFG_EBTRB$OFF                           (abs)        000000
__CFG_FCMEN$OFF                           (abs)        000000
__CFG_FOSC$HS                             (abs)        000000
__CFG_HFOFST$OFF                          (abs)        000000
__CFG_IESO$OFF                            (abs)        000000
__CFG_LVP$OFF                             (abs)        000000
__CFG_MCLRE$OFF                           (abs)        000000
__CFG_PLLEN$ON                            (abs)        000000
__CFG_PWRTEN$OFF                          (abs)        000000
__CFG_STVREN$ON                           (abs)        000000
__CFG_USBDIV$OFF                          (abs)        000000
__CFG_WDTEN$OFF                           (abs)        000000
__CFG_WDTPS$32768                         (abs)        000000
__CFG_WRT0$OFF                            (abs)        000000
__CFG_WRT1$OFF                            (abs)        000000
__CFG_WRTB$OFF                            (abs)        000000
__CFG_WRTC$OFF                            (abs)        000000
__CFG_XINST$OFF                           (abs)        000000
__HRAM                                    (abs)        000000
__Habs1                                   abs1         000000
__Hbank0                                  bank0        000000
__Hbank1                                  bank1        000000
__Hbank2                                  bank2        000000
__Hbigbss                                 bigbss       000000
__Hbigdata                                bigdata      000000
__Hbigram                                 bigram       000000
__Hbss                                    bss          000000
__HbssBANK0                               bssBANK0     000000
__HbssCOMRAM                              bssCOMRAM    000000
__Hcinit                                  cinit        000000
__Hclrtext                                clrtext      000000
__Hcomram                                 comram       000000
__Hconfig                                 config       30000E
__Hconst                                  const        000000
__HcstackBANK0                            cstackBANK0  000000
__HcstackCOMRAM                           cstackCOMRAM 000000
__Hdata                                   data         000000
__Heeprom_data                            eeprom_data  000000
__Hend_init                               end_init     0000DC
__Hfarbss                                 farbss       000000
__Hfardata                                fardata      000000
__Hibigdata                               ibigdata     000000
__Hidata                                  idata        000000
__Hidloc                                  idloc        200008
__Hifardata                               ifardata     000000
__Hinit                                   init         0000D8
__Hintcode                                intcode      000016
__Hintcode_body                           intcode_body 000000
__Hintcodelo                              intcodelo    0000D8
__Hintentry                               intentry     000000
__Hintret                                 intret       000000
__Hintsave_regs                           intsave_regs 000000
__Hirdata                                 irdata       000000
__Hmediumconst                            mediumconst  000000
__HnvFARRAM                               nvFARRAM     000000
__Hnvbit                                  nvbit        000000
__Hnvrram                                 nvrram       000000
__Hparam                                  rparam       000000
__Hpowerup                                powerup      0000D8
__Hram                                    ram          000000
__Hramtop                                 ramtop       000300
__Hrbit                                   rbit         000000
__Hrbss                                   rbss         000000
__Hrdata                                  rdata        000000
__Hreset_vec                              reset_vec    000004
__Hrparam                                 rparam       000000
__Hsfr                                    sfr          000000
__Hsmallconst                             smallconst   0003D6
__Hspace_0                                (abs)        30000E
__Hspace_1                                (abs)        000099
__Hspace_2                                (abs)        000000
__Hstack                                  stack        000000
__Hstruct                                 struct       000000
__Htemp                                   temp         000044
__Htext                                   text         000000
__Htext0                                  text0        000000
__Htext1                                  text1        000000
__Htext10                                 text10       000000
__Htext11                                 text11       000000
__Htext12                                 text12       000000
__Htext13                                 text13       000000
__Htext14                                 text14       000000
__Htext15                                 text15       000000
__Htext16                                 text16       000000
__Htext17                                 text17       000000
__Htext18                                 text18       000000
__Htext19                                 text19       000000
__Htext2                                  text2        000000
__Htext20                                 text20       000000
__Htext21                                 text21       000000
__Htext22                                 text22       000000
__Htext23                                 text23       000000
__Htext24                                 text24       000000
__Htext25                                 text25       000000
__Htext26                                 text26       000000
__Htext27                                 text27       000000
__Htext28                                 text28       000000
__Htext29                                 text29       000000
__Htext3                                  text3        000000
__Htext30                                 text30       000000
__Htext31                                 text31       000000
__Htext32                                 text32       000000
__Htext33                                 text33       000000
__Htext34                                 text34       000000
__Htext4                                  text4        000000
__Htext5                                  text5        000000
__Htext6                                  text6        000000
__Htext7                                  text7        000000
__Htext8                                  text8        000000
__Htext9                                  text9        000000
__LRAM                                    (abs)        000001
__Labs1                                   abs1         000000
__Lbank0                                  bank0        000000
__Lbank1                                  bank1        000000
__Lbank2                                  bank2        000000
__Lbigbss                                 bigbss       000000
__Lbigdata                                bigdata      000000
__Lbigram                                 bigram       000000
__Lbss                                    bss          000000
__LbssBANK0                               bssBANK0     000000
__LbssCOMRAM                              bssCOMRAM    000000
__Lcinit                                  cinit        000000
__Lclrtext                                clrtext      000000
__Lcomram                                 comram       000000
__Lconfig                                 config       300000
__Lconst                                  const        000000
__LcstackBANK0                            cstackBANK0  000000
__LcstackCOMRAM                           cstackCOMRAM 000000
__Ldata                                   data         000000
__Leeprom_data                            eeprom_data  000000
__Lend_init                               end_init     0000D8
__Lfarbss                                 farbss       000000
__Lfardata                                fardata      000000
__Libigdata                               ibigdata     000000
__Lidata                                  idata        000000
__Lidloc                                  idloc        200000
__Lifardata                               ifardata     000000
__Linit                                   init         0000D8
__Lintcode                                intcode      000008
__Lintcode_body                           intcode_body 000000
__Lintcodelo                              intcodelo    000018
__Lintentry                               intentry     000000
__Lintret                                 intret       000000
__Lintsave_regs                           intsave_regs 000000
__Lirdata                                 irdata       000000
__Lmediumconst                            mediumconst  000000
__LnvFARRAM                               nvFARRAM     000000
__Lnvbit                                  nvbit        000000
__Lnvrram                                 nvrram       000000
__Lparam                                  rparam       000000
__Lpowerup                                powerup      0000D8
__Lram                                    ram          000000
__Lramtop                                 ramtop       000300
__Lrbit                                   rbit         000000
__Lrbss                                   rbss         000000
__Lrdata                                  rdata        000000
__Lreset_vec                              reset_vec    000000
__Lrparam                                 rparam       000000
__Lsfr                                    sfr          000000
__Lsmallconst                             smallconst   000300
__Lspace_0                                (abs)        000000
__Lspace_1                                (abs)        000000
__Lspace_2                                (abs)        000000
__Lstack                                  stack        000000
__Lstruct                                 struct       000000
__Ltemp                                   temp         000043
__Ltext                                   text         000000
__Ltext0                                  text0        000000
__Ltext1                                  text1        000000
__Ltext10                                 text10       000000
__Ltext11                                 text11       000000
__Ltext12                                 text12       000000
__Ltext13                                 text13       000000
__Ltext14                                 text14       000000
__Ltext15                                 text15       000000
__Ltext16                                 text16       000000
__Ltext17                                 text17       000000
__Ltext18                                 text18       000000
__Ltext19                                 text19       000000
__Ltext2                                  text2        000000
__Ltext20                                 text20       000000
__Ltext21                                 text21       000000
__Ltext22                                 text22       000000
__Ltext23                                 text23       000000
__Ltext24                                 text24       000000
__Ltext25                                 text25       000000
__Ltext26                                 text26       000000
__Ltext27                                 text27       000000
__Ltext28                                 text28       000000
__Ltext29                                 text29       000000
__Ltext3                                  text3        000000
__Ltext30                                 text30       000000
__Ltext31                                 text31       000000
__Ltext32                                 text32       000000
__Ltext33                                 text33       000000
__Ltext34                                 text34       000000
__Ltext4                                  text4        000000
__Ltext5                                  text5        000000
__Ltext6                                  text6        000000
__Ltext7                                  text7        000000
__Ltext8                                  text8        000000
__Ltext9                                  text9        000000
__S0                                      (abs)        30000E
__S1                                      (abs)        000099
__S2                                      (abs)        000000
___inthi_sp                               stack        000000
___intlo_sp                               stack        000000
___param_bank                             (abs)        000010
___rparam_used                            (abs)        000001
___sp                                     stack        000000
__accesstop                               (abs)        000060
__activetblptr                            (abs)        000002
__end_of_APP_DeviceAudioMIDIInitialize    text23       0019C8
__end_of_APP_DeviceAudioMIDISOFHandler    text22       001C5C
__end_of_APP_DeviceAudioMIDITasks         text32       000B30
__end_of_APP_LEDUpdateUSBStatus           text19       0017DC
__end_of_BUTTON_IsPressed                 text34       001BF0
__end_of_IRQ_Usr                          intcodelo    0000D8
__end_of_LED_Off                          text21       001B5A
__end_of_LED_On                           text20       001B20
__end_of_SYSTEM_Initialize                text31       001974
__end_of_SYS_InterruptHigh                intcode_body 0018BE
__end_of_USBCheckStdRequest               text12       001192
__end_of_USBConfigureEndpoint             text25       00133C
__end_of_USBCtrlEPAllowDataStage          text11       00175C
__end_of_USBCtrlEPAllowStatusStage        text28       0014CE
__end_of_USBCtrlEPService                 text7        001628
__end_of_USBCtrlEPServiceComplete         text10       0010B0
__end_of_USBCtrlTrfInHandler              text29       001408
__end_of_USBCtrlTrfOutHandler             text26       00191E
__end_of_USBCtrlTrfRxService              text27       000EB8
__end_of_USBCtrlTrfSetupHandler           text9        0016C4
__end_of_USBCtrlTrfTxService              text30       001270
__end_of_USBDeviceInit                    text6        0009C0
__end_of_USBDeviceTasks                   text1        000850
__end_of_USBEnableEndpoint                text24       001A18
__end_of_USBIncrement1msInternalTimers    text5        001C18
__end_of_USBStallHandler                  text4        001AA8
__end_of_USBStdFeatureReqHandler          text17       0006D8
__end_of_USBStdGetDscHandler              text16       000D90
__end_of_USBStdGetStatusHandler           text15       001584
__end_of_USBStdSetCfgHandler              text13       000FBE
__end_of_USBSuspend                       text3        001B92
__end_of_USBTransferOnePacket             text33       000C64
__end_of_USBWakeFromSuspend               text2        001AE6
__end_of_USB_CD_Ptr                       smallconst   000309
__end_of_USB_SD_Ptr                       smallconst   000307
__end_of_USER_USB_CALLBACK_EVENT_HANDLER  text18       001852
__end_of__initialization                  cinit        001C30
__end_of_configDescriptor1                smallconst   00036E
__end_of_device_dsc                       smallconst   0003C6
__end_of_main                             text0        001C52
__end_of_memcpy                           text8        001A62
__end_of_memset                           text14       001BC6
__end_of_sd000                            smallconst   0003CA
__end_of_sd001                            smallconst   00039A
__end_of_sd002                            smallconst   0003B4
__initialization                          cinit        001C18
__mediumconst                             mediumconst  000000
__pbssBANK0                               bssBANK0     000060
__pbssCOMRAM                              bssCOMRAM    000001
__pcinit                                  cinit        001C18
__pcstackBANK0                            cstackBANK0  00007D
__pcstackCOMRAM                           cstackCOMRAM 000024
__pintcode                                intcode      000008
__pintcode_body                           intcode_body 001852
__pintcodelo                              intcodelo    000018
__psmallconst                             smallconst   000300
__ptext0                                  text0        001C3E
__ptext1                                  text1        0006D8
__ptext10                                 text10       000FBE
__ptext11                                 text11       0016C4
__ptext12                                 text12       0010B0
__ptext13                                 text13       000EB8
__ptext14                                 text14       001B92
__ptext15                                 text15       0014CE
__ptext16                                 text16       000C64
__ptext17                                 text17       0003D6
__ptext18                                 text18       0017DC
__ptext19                                 text19       00175C
__ptext2                                  text2        001AA8
__ptext20                                 text20       001AE6
__ptext21                                 text21       001B20
__ptext22                                 text22       001C52
__ptext23                                 text23       001974
__ptext24                                 text24       0019C8
__ptext25                                 text25       001270
__ptext26                                 text26       0018BE
__ptext27                                 text27       000D90
__ptext28                                 text28       001408
__ptext29                                 text29       00133C
__ptext3                                  text3        001B5A
__ptext30                                 text30       001192
__ptext31                                 text31       00191E
__ptext32                                 text32       0009C0
__ptext33                                 text33       000B30
__ptext34                                 text34       001BC6
__ptext4                                  text4        001A62
__ptext5                                  text5        001BF0
__ptext6                                  text6        000850
__ptext7                                  text7        001584
__ptext8                                  text8        001A18
__ptext9                                  text9        001628
__ramtop                                  ramtop       000300
__size_of_APP_DeviceAudioMIDIInitialize   (abs)        000000
__size_of_APP_DeviceAudioMIDISOFHandler   (abs)        000000
__size_of_APP_DeviceAudioMIDITasks        (abs)        000000
__size_of_APP_LEDUpdateUSBStatus          (abs)        000000
__size_of_BUTTON_IsPressed                (abs)        000000
__size_of_IRQ_Usr                         (abs)        000000
__size_of_LED_Off                         (abs)        000000
__size_of_LED_On                          (abs)        000000
__size_of_SYSTEM_Initialize               (abs)        000000
__size_of_SYS_InterruptHigh               (abs)        000000
__size_of_USBCheckStdRequest              (abs)        000000
__size_of_USBConfigureEndpoint            (abs)        000000
__size_of_USBCtrlEPAllowDataStage         (abs)        000000
__size_of_USBCtrlEPAllowStatusStage       (abs)        000000
__size_of_USBCtrlEPService                (abs)        000000
__size_of_USBCtrlEPServiceComplete        (abs)        000000
__size_of_USBCtrlTrfInHandler             (abs)        000000
__size_of_USBCtrlTrfOutHandler            (abs)        000000
__size_of_USBCtrlTrfRxService             (abs)        000000
__size_of_USBCtrlTrfSetupHandler          (abs)        000000
__size_of_USBCtrlTrfTxService             (abs)        000000
__size_of_USBDeviceInit                   (abs)        000000
__size_of_USBDeviceTasks                  (abs)        000000
__size_of_USBEnableEndpoint               (abs)        000000
__size_of_USBIncrement1msInternalTimers   (abs)        000000
__size_of_USBStallHandler                 (abs)        000000
__size_of_USBStdFeatureReqHandler         (abs)        000000
__size_of_USBStdGetDscHandler             (abs)        000000
__size_of_USBStdGetStatusHandler          (abs)        000000
__size_of_USBStdSetCfgHandler             (abs)        000000
__size_of_USBSuspend                      (abs)        000000
__size_of_USBTransferOnePacket            (abs)        000000
__size_of_USBWakeFromSuspend              (abs)        000000
__size_of_USER_USB_CALLBACK_EVENT_HANDLER (abs)        000000
__size_of_main                            (abs)        000000
__size_of_memcpy                          (abs)        000000
__size_of_memset                          (abs)        000000
__smallconst                              smallconst   000300
_configDescriptor1                        smallconst   000309
_controlTransferState                     bssCOMRAM    00001B
_device_dsc                               smallconst   0003B4
_endpoint_number                          bssCOMRAM    00001C
_ep_data_in                               bssBANK0     000072
_ep_data_out                              bssBANK0     000074
_inPipes                                  bssCOMRAM    000001
_main                                     text0        001C3E
_memcpy                                   text8        001A18
_memset                                   text14       001B92
_midiData                                 (abs)        0002C0
_msCounter                                bssCOMRAM    00001D
_outPipes                                 bssBANK0     000060
_pBDTEntryEP0OutCurrent                   bssCOMRAM    00000F
_pBDTEntryEP0OutNext                      bssCOMRAM    000011
_pBDTEntryIn                              bssCOMRAM    000007
_pBDTEntryOut                             bssBANK0     00006C
_pDst                                     bssBANK0     000076
_pitch                                    bssCOMRAM    00001E
_sd000                                    smallconst   0003C6
_sd001                                    smallconst   00036E
_sd002                                    smallconst   00039A
_sentNoteOff                              bssCOMRAM    00001F
_shortPacketStatus                        bssCOMRAM    000020
btemp                                     temp         000043
end_of_initialization                     cinit        001C30
int$flags                                 temp         000043
int_func                                  intcode_body 001852
intlevel0                                 text         000000
intlevel1                                 text         000000
intlevel2                                 text         000000
intlevel3                                 text         000000
memcpy@d                                  cstackBANK0  000083
memcpy@d1                                 cstackBANK0  00007D
memcpy@n                                  cstackBANK0  000081
memcpy@s                                  cstackBANK0  000085
memcpy@s1                                 cstackBANK0  00007F
memset@c                                  cstackBANK0  00007F
memset@n                                  cstackBANK0  000081
memset@p                                  cstackBANK0  000083
memset@p1                                 cstackBANK0  00007D
stackhi                                   (abs)        0001FF
stacklo                                   (abs)        000099
start                                     init         0000D8
start_initialization                      cinit        001C18


FUNCTION INFORMATION:

 *************** function _main *****************
 Defined at:
		line 44 in file "main.c"
 Parameters:    Size  Location     Type
		None
 Auto vars:     Size  Location     Type
		None
 Return value:  Size  Location     Type
                  1    wreg      void 
 Registers used:
		wreg, fsr1l, fsr1h, fsr2l, fsr2h, status,2, status,0, tblptrl, tblptrh, tblptru, prodl, prodh, cstack
 Tracked objects:
		On entry : 
		On exit  : 
		Unchanged: 
 Data sizes:     COMRAM   BANK0   BANK1 BANK2hl  BANK2l BANK2hh
      Params:         0       0       0       0       0       0
      Locals:         0       0       0       0       0       0
      Temps:          0       0       0       0       0       0
      Totals:         0       0       0       0       0       0
Total ram usage:        0 bytes
 Hardware stack levels required when called:   11
 This function calls:
		_APP_DeviceAudioMIDITasks
		_SYSTEM_Initialize
		_USBDeviceInit
		_USBDeviceTasks
 This function is called by:
		Startup code after reset
 This function uses a non-reentrant model


 *************** function _USBDeviceTasks *****************
 Defined at:
		line 472 in file "usb/usb_device.c"
 Parameters:    Size  Location     Type
		None
 Auto vars:     Size  Location     Type
  i               1   27[BANK0 ] unsigned char 
 Return value:  Size  Location     Type
                  1    wreg      void 
 Registers used:
		wreg, fsr1l, fsr1h, fsr2l, fsr2h, status,2, status,0, tblptrl, tblptrh, tblptru, prodl, prodh, cstack
 Tracked objects:
		On entry : 
		On exit  : 
		Unchanged: 
 Data sizes:     COMRAM   BANK0   BANK1 BANK2hl  BANK2l BANK2hh
      Params:         0       0       0       0       0       0
      Locals:         0       1       0       0       0       0
      Temps:          0       0       0       0       0       0
      Totals:         0       1       0       0       0       0
Total ram usage:        1 bytes
 Hardware stack levels used:    1
 Hardware stack levels required when called:   10
 This function calls:
		_USBCtrlEPAllowStatusStage
		_USBCtrlEPService
		_USBDeviceInit
		_USBIncrement1msInternalTimers
		_USBStallHandler
		_USBSuspend
		_USBWakeFromSuspend
		_USER_USB_CALLBACK_EVENT_HANDLER
 This function is called by:
		_main
 This function uses a non-reentrant model


 *************** function _USBWakeFromSuspend *****************
 Defined at:
		line 2183 in file "usb/usb_device.c"
 Parameters:    Size  Location     Type
		None
 Auto vars:     Size  Location     Type
		None
 Return value:  Size  Location     Type
                  1    wreg      void 
 Registers used:
		wreg, fsr2l, fsr2h, status,2, status,0, prodl, prodh, cstack
 Tracked objects:
		On entry : 
		On exit  : 
		Unchanged: 
 Data sizes:     COMRAM   BANK0   BANK1 BANK2hl  BANK2l BANK2hh
      Params:         0       0       0       0       0       0
      Locals:         0       0       0       0       0       0
      Temps:          0       0       0       0       0       0
      Totals:         0       0       0       0       0       0
Total ram usage:        0 bytes
 Hardware stack levels used:    1
 Hardware stack levels required when called:    6
 This function calls:
		_USER_USB_CALLBACK_EVENT_HANDLER
 This function is called by:
		_USBDeviceTasks
 This function uses a non-reentrant model


 *************** function _USBSuspend *****************
 Defined at:
		line 2125 in file "usb/usb_device.c"
 Parameters:    Size  Location     Type
		None
 Auto vars:     Size  Location     Type
		None
 Return value:  Size  Location     Type
                  1    wreg      void 
 Registers used:
		wreg, fsr2l, fsr2h, status,2, status,0, prodl, prodh, cstack
 Tracked objects:
		On entry : 
		On exit  : 
		Unchanged: 
 Data sizes:     COMRAM   BANK0   BANK1 BANK2hl  BANK2l BANK2hh
      Params:         0       0       0       0       0       0
      Locals:         0       0       0       0       0       0
      Temps:          0       0       0       0       0       0
      Totals:         0       0       0       0       0       0
Total ram usage:        0 bytes
 Hardware stack levels used:    1
 Hardware stack levels required when called:    6
 This function calls:
		_USER_USB_CALLBACK_EVENT_HANDLER
 This function is called by:
		_USBDeviceTasks
 This function uses a non-reentrant model


 *************** function _USBStallHandler *****************
 Defined at:
		line 2084 in file "usb/usb_device.c"
 Parameters:    Size  Location     Type
		None
 Auto vars:     Size  Location     Type
		None
 Return value:  Size  Location     Type
                  1    wreg      void 
 Registers used:
		wreg, fsr2l, fsr2h, status,2, status,0
 Tracked objects:
		On entry : 
		On exit  : 
		Unchanged: 
 Data sizes:     COMRAM   BANK0   BANK1 BANK2hl  BANK2l BANK2hh
      Params:         0       0       0       0       0       0
      Locals:         0       0       0       0       0       0
      Temps:          0       1       0       0       0       0
      Totals:         0       1       0       0       0       0
Total ram usage:        1 bytes
 Hardware stack levels used:    1
 Hardware stack levels required when called:    2
 This function calls:
		Nothing
 This function is called by:
		_USBDeviceTasks
 This function uses a non-reentrant model


 *************** function _USBIncrement1msInternalTimers *****************
 Defined at:
		line 2841 in file "usb/usb_device.c"
 Parameters:    Size  Location     Type
		None
 Auto vars:     Size  Location     Type
		None
 Return value:  Size  Location     Type
                  1    wreg      void 
 Registers used:
		wreg, status,2, status,0
 Tracked objects:
		On entry : 
		On exit  : 
		Unchanged: 
 Data sizes:     COMRAM   BANK0   BANK1 BANK2hl  BANK2l BANK2hh
      Params:         0       0       0       0       0       0
      Locals:         0       0       0       0       0       0
      Temps:          0       0       0       0       0       0
      Totals:         0       0       0       0       0       0
Total ram usage:        0 bytes
 Hardware stack levels used:    1
 Hardware stack levels required when called:    2
 This function calls:
		Nothing
 This function is called by:
		_USBDeviceTasks
 This function uses a non-reentrant model


 *************** function _USBDeviceInit *****************
 Defined at:
		line 277 in file "usb/usb_device.c"
 Parameters:    Size  Location     Type
		None
 Auto vars:     Size  Location     Type
  i               1    8[BANK0 ] unsigned char 
 Return value:  Size  Location     Type
                  1    wreg      void 
 Registers used:
		wreg, fsr2l, fsr2h, status,2, status,0, prodl, prodh, cstack
 Tracked objects:
		On entry : 
		On exit  : 
		Unchanged: 
 Data sizes:     COMRAM   BANK0   BANK1 BANK2hl  BANK2l BANK2hh
      Params:         0       0       0       0       0       0
      Locals:         0       1       0       0       0       0
      Temps:          0       0       0       0       0       0
      Totals:         0       1       0       0       0       0
Total ram usage:        1 bytes
 Hardware stack levels used:    1
 Hardware stack levels required when called:    3
 This function calls:
		_memset
 This function is called by:
		_USBDeviceTasks
		_main
 This function uses a non-reentrant model


 *************** function _USBCtrlEPService *****************
 Defined at:
		line 2252 in file "usb/usb_device.c"
 Parameters:    Size  Location     Type
		None
 Auto vars:     Size  Location     Type
		None
 Return value:  Size  Location     Type
                  1    wreg      void 
 Registers used:
		wreg, fsr1l, fsr1h, fsr2l, fsr2h, status,2, status,0, tblptrl, tblptrh, tblptru, prodl, prodh, cstack
 Tracked objects:
		On entry : 
		On exit  : 
		Unchanged: 
 Data sizes:     COMRAM   BANK0   BANK1 BANK2hl  BANK2l BANK2hh
      Params:         0       0       0       0       0       0
      Locals:         0       0       0       0       0       0
      Temps:          0       1       0       0       0       0
      Totals:         0       1       0       0       0       0
Total ram usage:        1 bytes
 Hardware stack levels used:    1
 Hardware stack levels required when called:    9
 This function calls:
		_USBCtrlTrfInHandler
		_USBCtrlTrfOutHandler
		_USBCtrlTrfSetupHandler
		_memcpy
 This function is called by:
		_USBDeviceTasks
 This function uses a non-reentrant model


 *************** function _memcpy *****************
 Defined at:
		line 11 in file "C:\Program Files (x86)\Microchip\xc8\v1.36\sources\common\memcpy.c"
 Parameters:    Size  Location     Type
  d1              2    0[BANK0 ] PTR void 
		 -> SetupPkt(8), 
  s1              2    2[BANK0 ] PTR const void 
		 -> midiData(4), ReceivedDataBuffer(64), CtrlTrfData(8), RAM(767), 
		 -> SetupPkt(8), 
  n               2    4[BANK0 ] unsigned int 
 Auto vars:     Size  Location     Type
  s               2    8[BANK0 ] PTR const unsigned char 
		 -> midiData(4), ReceivedDataBuffer(64), CtrlTrfData(8), RAM(767), 
		 -> SetupPkt(8), 
  d               2    6[BANK0 ] PTR unsigned char 
		 -> SetupPkt(8), 
 Return value:  Size  Location     Type
                  2    0[BANK0 ] PTR void 
 Registers used:
		wreg, fsr1l, fsr1h, fsr2l, fsr2h, status,2, status,0
 Tracked objects:
		On entry : 
		On exit  : 
		Unchanged: 
 Data sizes:     COMRAM   BANK0   BANK1 BANK2hl  BANK2l BANK2hh
      Params:         0       6       0       0       0       0
      Locals:         0       4       0       0       0       0
      Temps:          0       0       0       0       0       0
      Totals:         0      10       0       0       0       0
Total ram usage:       10 bytes
 Hardware stack levels used:    1
 Hardware stack levels required when called:    2
 This function calls:
		Nothing
 This function is called by:
		_USBCtrlEPService
 This function uses a non-reentrant model


 *************** function _USBCtrlTrfSetupHandler *****************
 Defined at:
		line 2339 in file "usb/usb_device.c"
 Parameters:    Size  Location     Type
		None
 Auto vars:     Size  Location     Type
		None
 Return value:  Size  Location     Type
                  1    wreg      void 
 Registers used:
		wreg, fsr1l, fsr1h, fsr2l, fsr2h, status,2, status,0, tblptrl, tblptrh, tblptru, prodl, prodh, cstack
 Tracked objects:
		On entry : 
		On exit  : 
		Unchanged: 
 Data sizes:     COMRAM   BANK0   BANK1 BANK2hl  BANK2l BANK2hh
      Params:         0       0       0       0       0       0
      Locals:         0       0       0       0       0       0
      Temps:          0       0       0       0       0       0
      Totals:         0       0       0       0       0       0
Total ram usage:        0 bytes
 Hardware stack levels used:    1
 Hardware stack levels required when called:    8
 This function calls:
		_USBCheckStdRequest
		_USBCtrlEPServiceComplete
		_USER_USB_CALLBACK_EVENT_HANDLER
 This function is called by:
		_USBCtrlEPService
 This function uses a non-reentrant model


 *************** function _USBCtrlEPServiceComplete *****************
 Defined at:
		line 1547 in file "usb/usb_device.c"
 Parameters:    Size  Location     Type
		None
 Auto vars:     Size  Location     Type
		None
 Return value:  Size  Location     Type
                  1    wreg      void 
 Registers used:
		wreg, fsr1l, fsr1h, fsr2l, fsr2h, status,2, status,0, tblptrl, tblptrh, tblptru, cstack
 Tracked objects:
		On entry : 
		On exit  : 
		Unchanged: 
 Data sizes:     COMRAM   BANK0   BANK1 BANK2hl  BANK2l BANK2hh
      Params:         0       0       0       0       0       0
      Locals:         0       0       0       0       0       0
      Temps:          0       0       0       0       0       0
      Totals:         0       0       0       0       0       0
Total ram usage:        0 bytes
 Hardware stack levels used:    1
 Hardware stack levels required when called:    4
 This function calls:
		_USBCtrlEPAllowDataStage
		_USBCtrlEPAllowStatusStage
 This function is called by:
		_USBCtrlTrfSetupHandler
 This function uses a non-reentrant model


 *************** function _USBCtrlEPAllowDataStage *****************
 Defined at:
		line 1426 in file "usb/usb_device.c"
 Parameters:    Size  Location     Type
		None
 Auto vars:     Size  Location     Type
		None
 Return value:  Size  Location     Type
                  1    wreg      void 
 Registers used:
		wreg, fsr1l, fsr1h, fsr2l, fsr2h, status,2, status,0, tblptrl, tblptrh, tblptru, cstack
 Tracked objects:
		On entry : 
		On exit  : 
		Unchanged: 
 Data sizes:     COMRAM   BANK0   BANK1 BANK2hl  BANK2l BANK2hh
      Params:         0       0       0       0       0       0
      Locals:         0       0       0       0       0       0
      Temps:          0       0       0       0       0       0
      Totals:         0       0       0       0       0       0
Total ram usage:        0 bytes
 Hardware stack levels used:    1
 Hardware stack levels required when called:    3
 This function calls:
		_USBCtrlTrfTxService
 This function is called by:
		_USBCtrlEPServiceComplete
 This function uses a non-reentrant model


 *************** function _USBCheckStdRequest *****************
 Defined at:
		line 2539 in file "usb/usb_device.c"
 Parameters:    Size  Location     Type
		None
 Auto vars:     Size  Location     Type
		None
 Return value:  Size  Location     Type
                  1    wreg      void 
 Registers used:
		wreg, fsr1l, fsr1h, fsr2l, fsr2h, status,2, status,0, tblptrl, tblptrh, tblptru, prodl, prodh, cstack
 Tracked objects:
		On entry : 
		On exit  : 
		Unchanged: 
 Data sizes:     COMRAM   BANK0   BANK1 BANK2hl  BANK2l BANK2hh
      Params:         0       0       0       0       0       0
      Locals:         0       0       0       0       0       0
      Temps:          0       0       0       0       0       0
      Totals:         0       0       0       0       0       0
Total ram usage:        0 bytes
 Hardware stack levels used:    1
 Hardware stack levels required when called:    7
 This function calls:
		_USBStdFeatureReqHandler
		_USBStdGetDscHandler
		_USBStdGetStatusHandler
		_USBStdSetCfgHandler
		_USER_USB_CALLBACK_EVENT_HANDLER
 This function is called by:
		_USBCtrlTrfSetupHandler
 This function uses a non-reentrant model


 *************** function _USBStdSetCfgHandler *****************
 Defined at:
		line 1869 in file "usb/usb_device.c"
 Parameters:    Size  Location     Type
		None
 Auto vars:     Size  Location     Type
  i               1   20[BANK0 ] unsigned char 
 Return value:  Size  Location     Type
                  1    wreg      void 
 Registers used:
		wreg, fsr2l, fsr2h, status,2, status,0, prodl, prodh, cstack
 Tracked objects:
		On entry : 
		On exit  : 
		Unchanged: 
 Data sizes:     COMRAM   BANK0   BANK1 BANK2hl  BANK2l BANK2hh
      Params:         0       0       0       0       0       0
      Locals:         0       1       0       0       0       0
      Temps:          0       0       0       0       0       0
      Totals:         0       1       0       0       0       0
Total ram usage:        1 bytes
 Hardware stack levels used:    1
 Hardware stack levels required when called:    6
 This function calls:
		_USER_USB_CALLBACK_EVENT_HANDLER
		_memset
 This function is called by:
		_USBCheckStdRequest
 This function uses a non-reentrant model


 *************** function _memset *****************
 Defined at:
		line 8 in file "C:\Program Files (x86)\Microchip\xc8\v1.36\sources\common\memset.c"
 Parameters:    Size  Location     Type
  p1              2    0[BANK0 ] PTR void 
		 -> USBAlternateInterface(1), BDT(32), UEP1(1), 
  c               2    2[BANK0 ] int 
  n               2    4[BANK0 ] unsigned int 
 Auto vars:     Size  Location     Type
  p               2    6[BANK0 ] PTR unsigned char 
		 -> USBAlternateInterface(1), BDT(32), UEP1(1), 
 Return value:  Size  Location     Type
                  2    0[BANK0 ] PTR void 
 Registers used:
		wreg, fsr2l, fsr2h, status,2, status,0
 Tracked objects:
		On entry : 
		On exit  : 
		Unchanged: 
 Data sizes:     COMRAM   BANK0   BANK1 BANK2hl  BANK2l BANK2hh
      Params:         0       6       0       0       0       0
      Locals:         0       2       0       0       0       0
      Temps:          0       0       0       0       0       0
      Totals:         0       8       0       0       0       0
Total ram usage:        8 bytes
 Hardware stack levels used:    1
 Hardware stack levels required when called:    2
 This function calls:
		Nothing
 This function is called by:
		_USBDeviceInit
		_USBStdSetCfgHandler
 This function uses a non-reentrant model


 *************** function _USBStdGetStatusHandler *****************
 Defined at:
		line 2017 in file "usb/usb_device.c"
 Parameters:    Size  Location     Type
		None
 Auto vars:     Size  Location     Type
  p               2    1[BANK0 ] PTR struct __BDT
		 -> RAM(767), NULL(0), BDT(32), 
 Return value:  Size  Location     Type
                  1    wreg      void 
 Registers used:
		wreg, fsr2l, fsr2h, status,2, status,0, prodl, prodh
 Tracked objects:
		On entry : 
		On exit  : 
		Unchanged: 
 Data sizes:     COMRAM   BANK0   BANK1 BANK2hl  BANK2l BANK2hh
      Params:         0       0       0       0       0       0
      Locals:         0       2       0       0       0       0
      Temps:          0       1       0       0       0       0
      Totals:         0       3       0       0       0       0
Total ram usage:        3 bytes
 Hardware stack levels used:    1
 Hardware stack levels required when called:    2
 This function calls:
		Nothing
 This function is called by:
		_USBCheckStdRequest
 This function uses a non-reentrant model


 *************** function _USBStdGetDscHandler *****************
 Defined at:
		line 1939 in file "usb/usb_device.c"
 Parameters:    Size  Location     Type
		None
 Auto vars:     Size  Location     Type
		None
 Return value:  Size  Location     Type
                  1    wreg      void 
 Registers used:
		wreg, fsr1l, fsr1h, status,2, status,0, tblptrl, tblptrh, tblptru, prodl, prodh
 Tracked objects:
		On entry : 
		On exit  : 
		Unchanged: 
 Data sizes:     COMRAM   BANK0   BANK1 BANK2hl  BANK2l BANK2hh
      Params:         0       0       0       0       0       0
      Locals:         0       0       0       0       0       0
      Temps:          0       2       0       0       0       0
      Totals:         0       2       0       0       0       0
Total ram usage:        2 bytes
 Hardware stack levels used:    1
 Hardware stack levels required when called:    2
 This function calls:
		Nothing
 This function is called by:
		_USBCheckStdRequest
 This function uses a non-reentrant model


 *************** function _USBStdFeatureReqHandler *****************
 Defined at:
		line 2606 in file "usb/usb_device.c"
 Parameters:    Size  Location     Type
		None
 Auto vars:     Size  Location     Type
  p               2   24[BANK0 ] PTR struct __BDT
		 -> RAM(767), NULL(0), BDT(32), 
  pUEP            2   21[BANK0 ] PTR unsigned char 
		 -> UEP0(1), 
  current_ep_d    1   23[BANK0 ] struct .
 Return value:  Size  Location     Type
                  1    wreg      void 
 Registers used:
		wreg, fsr2l, fsr2h, status,2, status,0, prodl, prodh, cstack
 Tracked objects:
		On entry : 
		On exit  : 
		Unchanged: 
 Data sizes:     COMRAM   BANK0   BANK1 BANK2hl  BANK2l BANK2hh
      Params:         0       0       0       0       0       0
      Locals:         0       5       0       0       0       0
      Temps:          0       1       0       0       0       0
      Totals:         0       6       0       0       0       0
Total ram usage:        6 bytes
 Hardware stack levels used:    1
 Hardware stack levels required when called:    6
 This function calls:
		_USER_USB_CALLBACK_EVENT_HANDLER
 This function is called by:
		_USBCheckStdRequest
 This function uses a non-reentrant model


 *************** function _USER_USB_CALLBACK_EVENT_HANDLER *****************
 Defined at:
		line 30 in file "usb_events.c"
 Parameters:    Size  Location     Type
  event           2   12[BANK0 ] enum E3675
  pdata           2   14[BANK0 ] PTR void 
		 -> RAM(767), USTATcopy(1), USBActiveConfiguration(1), NULL(0), 
		 -> BDT(32), 
  size            2   16[BANK0 ] unsigned int 
 Auto vars:     Size  Location     Type
		None
 Return value:  Size  Location     Type
                  1    wreg      unsigned char 
 Registers used:
		wreg, fsr2l, fsr2h, status,2, status,0, prodl, prodh, cstack
 Tracked objects:
		On entry : 
		On exit  : 
		Unchanged: 
 Data sizes:     COMRAM   BANK0   BANK1 BANK2hl  BANK2l BANK2hh
      Params:         0       6       0       0       0       0
      Locals:         0       0       0       0       0       0
      Temps:          0       2       0       0       0       0
      Totals:         0       8       0       0       0       0
Total ram usage:        8 bytes
 Hardware stack levels used:    1
 Hardware stack levels required when called:    5
 This function calls:
		_APP_DeviceAudioMIDIInitialize
		_APP_DeviceAudioMIDISOFHandler
		_APP_LEDUpdateUSBStatus
 This function is called by:
		_USBDeviceTasks
		_USBStdSetCfgHandler
		_USBSuspend
		_USBWakeFromSuspend
		_USBCtrlTrfSetupHandler
		_USBCheckStdRequest
		_USBStdFeatureReqHandler
 This function uses a non-reentrant model


 *************** function _APP_LEDUpdateUSBStatus *****************
 Defined at:
		line 50 in file "app_led_usb_status.c"
 Parameters:    Size  Location     Type
		None
 Auto vars:     Size  Location     Type
		None
 Return value:  Size  Location     Type
                  1    wreg      void 
 Registers used:
		wreg, status,2, status,0, cstack
 Tracked objects:
		On entry : 
		On exit  : 
		Unchanged: 
 Data sizes:     COMRAM   BANK0   BANK1 BANK2hl  BANK2l BANK2hh
      Params:         0       0       0       0       0       0
      Locals:         0       0       0       0       0       0
      Temps:          0       0       0       0       0       0
      Totals:         0       0       0       0       0       0
Total ram usage:        0 bytes
 Hardware stack levels used:    1
 Hardware stack levels required when called:    3
 This function calls:
		_LED_Off
		_LED_On
 This function is called by:
		_USER_USB_CALLBACK_EVENT_HANDLER
 This function uses a non-reentrant model


 *************** function _LED_On *****************
 Defined at:
		line 59 in file "bsp/leds.c"
 Parameters:    Size  Location     Type
  led             1    wreg     enum E2
 Auto vars:     Size  Location     Type
  led             1    0[BANK0 ] enum E2
 Return value:  Size  Location     Type
                  1    wreg      void 
 Registers used:
		wreg, status,2, status,0
 Tracked objects:
		On entry : 
		On exit  : 
		Unchanged: 
 Data sizes:     COMRAM   BANK0   BANK1 BANK2hl  BANK2l BANK2hh
      Params:         0       0       0       0       0       0
      Locals:         0       1       0       0       0       0
      Temps:          0       0       0       0       0       0
      Totals:         0       1       0       0       0       0
Total ram usage:        1 bytes
 Hardware stack levels used:    1
 Hardware stack levels required when called:    2
 This function calls:
		Nothing
 This function is called by:
		_APP_LEDUpdateUSBStatus
 This function uses a non-reentrant model


 *************** function _LED_Off *****************
 Defined at:
		line 100 in file "bsp/leds.c"
 Parameters:    Size  Location     Type
  led             1    wreg     enum E2
 Auto vars:     Size  Location     Type
  led             1    0[BANK0 ] enum E2
 Return value:  Size  Location     Type
                  1    wreg      void 
 Registers used:
		wreg, status,2, status,0
 Tracked objects:
		On entry : 
		On exit  : 
		Unchanged: 
 Data sizes:     COMRAM   BANK0   BANK1 BANK2hl  BANK2l BANK2hh
      Params:         0       0       0       0       0       0
      Locals:         0       1       0       0       0       0
      Temps:          0       0       0       0       0       0
      Totals:         0       1       0       0       0       0
Total ram usage:        1 bytes
 Hardware stack levels used:    1
 Hardware stack levels required when called:    2
 This function calls:
		Nothing
 This function is called by:
		_APP_LEDUpdateUSBStatus
 This function uses a non-reentrant model


 *************** function _APP_DeviceAudioMIDISOFHandler *****************
 Defined at:
		line 101 in file "app_device_audio_midi.c"
 Parameters:    Size  Location     Type
		None
 Auto vars:     Size  Location     Type
		None
 Return value:  Size  Location     Type
                  1    wreg      void 
 Registers used:
		wreg, status,2, status,0
 Tracked objects:
		On entry : 
		On exit  : 
		Unchanged: 
 Data sizes:     COMRAM   BANK0   BANK1 BANK2hl  BANK2l BANK2hh
      Params:         0       0       0       0       0       0
      Locals:         0       0       0       0       0       0
      Temps:          0       0       0       0       0       0
      Totals:         0       0       0       0       0       0
Total ram usage:        0 bytes
 Hardware stack levels used:    1
 Hardware stack levels required when called:    2
 This function calls:
		Nothing
 This function is called by:
		_USER_USB_CALLBACK_EVENT_HANDLER
 This function uses a non-reentrant model


 *************** function _APP_DeviceAudioMIDIInitialize *****************
 Defined at:
		line 72 in file "app_device_audio_midi.c"
 Parameters:    Size  Location     Type
		None
 Auto vars:     Size  Location     Type
		None
 Return value:  Size  Location     Type
                  1    wreg      void 
 Registers used:
		wreg, fsr2l, fsr2h, status,2, status,0, prodl, prodh, cstack
 Tracked objects:
		On entry : 
		On exit  : 
		Unchanged: 
 Data sizes:     COMRAM   BANK0   BANK1 BANK2hl  BANK2l BANK2hh
      Params:         0       0       0       0       0       0
      Locals:         0       0       0       0       0       0
      Temps:          0       0       0       0       0       0
      Totals:         0       0       0       0       0       0
Total ram usage:        0 bytes
 Hardware stack levels used:    1
 Hardware stack levels required when called:    4
 This function calls:
		_USBEnableEndpoint
		_USBTransferOnePacket
 This function is called by:
		_USER_USB_CALLBACK_EVENT_HANDLER
 This function uses a non-reentrant model


 *************** function _USBEnableEndpoint *****************
 Defined at:
		line 841 in file "usb/usb_device.c"
 Parameters:    Size  Location     Type
  ep              1    wreg     unsigned char 
  options         1    8[BANK0 ] unsigned char 
 Auto vars:     Size  Location     Type
  ep              1   11[BANK0 ] unsigned char 
  p               2    9[BANK0 ] PTR unsigned char 
		 -> UEP0(1), 
 Return value:  Size  Location     Type
                  1    wreg      void 
 Registers used:
		wreg, fsr2l, fsr2h, status,2, status,0, prodl, prodh, cstack
 Tracked objects:
		On entry : 
		On exit  : 
		Unchanged: 
 Data sizes:     COMRAM   BANK0   BANK1 BANK2hl  BANK2l BANK2hh
      Params:         0       1       0       0       0       0
      Locals:         0       3       0       0       0       0
      Temps:          0       0       0       0       0       0
      Totals:         0       4       0       0       0       0
Total ram usage:        4 bytes
 Hardware stack levels used:    1
 Hardware stack levels required when called:    3
 This function calls:
		_USBConfigureEndpoint
 This function is called by:
		_APP_DeviceAudioMIDIInitialize
 This function uses a non-reentrant model


 *************** function _USBConfigureEndpoint *****************
 Defined at:
		line 1480 in file "usb/usb_device.c"
 Parameters:    Size  Location     Type
  EPNum           1    wreg     unsigned char 
  direction       1    0[BANK0 ] unsigned char 
 Auto vars:     Size  Location     Type
  EPNum           1    5[BANK0 ] unsigned char 
  handle          2    6[BANK0 ] PTR volatile struct __BD
		 -> BDT(32), 
 Return value:  Size  Location     Type
                  1    wreg      void 
 Registers used:
		wreg, fsr2l, fsr2h, status,2, status,0, prodl, prodh
 Tracked objects:
		On entry : 
		On exit  : 
		Unchanged: 
 Data sizes:     COMRAM   BANK0   BANK1 BANK2hl  BANK2l BANK2hh
      Params:         0       1       0       0       0       0
      Locals:         0       3       0       0       0       0
      Temps:          0       4       0       0       0       0
      Totals:         0       8       0       0       0       0
Total ram usage:        8 bytes
 Hardware stack levels used:    1
 Hardware stack levels required when called:    2
 This function calls:
		Nothing
 This function is called by:
		_USBEnableEndpoint
 This function uses a non-reentrant model


 *************** function _USBCtrlTrfOutHandler *****************
 Defined at:
		line 2411 in file "usb/usb_device.c"
 Parameters:    Size  Location     Type
		None
 Auto vars:     Size  Location     Type
		None
 Return value:  Size  Location     Type
                  1    wreg      void 
 Registers used:
		wreg, fsr1l, fsr1h, fsr2l, fsr2h, status,2, status,0, prodl, prodh, cstack
 Tracked objects:
		On entry : 
		On exit  : 
		Unchanged: 
 Data sizes:     COMRAM   BANK0   BANK1 BANK2hl  BANK2l BANK2hh
      Params:         0       0       0       0       0       0
      Locals:         0       0       0       0       0       0
      Temps:          0       0       0       0       0       0
      Totals:         0       0       0       0       0       0
Total ram usage:        0 bytes
 Hardware stack levels used:    1
 Hardware stack levels required when called:    4
 This function calls:
		_USBCtrlTrfRxService
 This function is called by:
		_USBCtrlEPService
 This function uses a non-reentrant model


 *************** function _USBCtrlTrfRxService *****************
 Defined at:
		line 1764 in file "usb/usb_device.c"
 Parameters:    Size  Location     Type
		None
 Auto vars:     Size  Location     Type
  byteToRead      1    1[BANK0 ] unsigned char 
  i               1    0[BANK0 ] unsigned char 
 Return value:  Size  Location     Type
                  1    wreg      void 
 Registers used:
		wreg, fsr1l, fsr1h, fsr2l, fsr2h, status,2, status,0, prodl, prodh, cstack
 Tracked objects:
		On entry : 
		On exit  : 
		Unchanged: 
 Data sizes:     COMRAM   BANK0   BANK1 BANK2hl  BANK2l BANK2hh
      Params:         0       0       0       0       0       0
      Locals:         0       2       0       0       0       0
      Temps:          0       0       0       0       0       0
      Totals:         0       2       0       0       0       0
Total ram usage:        2 bytes
 Hardware stack levels used:    1
 Hardware stack levels required when called:    3
 This function calls:
		_USBCtrlEPAllowStatusStage
 This function is called by:
		_USBCtrlTrfOutHandler
 This function uses a non-reentrant model


 *************** function _USBCtrlEPAllowStatusStage *****************
 Defined at:
		line 1360 in file "usb/usb_device.c"
 Parameters:    Size  Location     Type
		None
 Auto vars:     Size  Location     Type
		None
 Return value:  Size  Location     Type
                  1    wreg      void 
 Registers used:
		wreg, fsr2l, fsr2h, status,2, status,0
 Tracked objects:
		On entry : 
		On exit  : 
		Unchanged: 
 Data sizes:     COMRAM   BANK0   BANK1 BANK2hl  BANK2l BANK2hh
      Params:         0       0       0       0       0       0
      Locals:         0       0       0       0       0       0
      Temps:          0       0       0       0       0       0
      Totals:         0       0       0       0       0       0
Total ram usage:        0 bytes
 Hardware stack levels used:    1
 Hardware stack levels required when called:    2
 This function calls:
		Nothing
 This function is called by:
		_USBDeviceTasks
		_USBCtrlEPServiceComplete
		_USBCtrlTrfRxService
 This function uses a non-reentrant model


 *************** function _USBCtrlTrfInHandler *****************
 Defined at:
		line 2460 in file "usb/usb_device.c"
 Parameters:    Size  Location     Type
		None
 Auto vars:     Size  Location     Type
  lastDTS         1    1[BANK0 ] unsigned char 
 Return value:  Size  Location     Type
                  1    wreg      void 
 Registers used:
		wreg, fsr1l, fsr1h, fsr2l, fsr2h, status,2, status,0, tblptrl, tblptrh, tblptru, cstack
 Tracked objects:
		On entry : 
		On exit  : 
		Unchanged: 
 Data sizes:     COMRAM   BANK0   BANK1 BANK2hl  BANK2l BANK2hh
      Params:         0       0       0       0       0       0
      Locals:         0       1       0       0       0       0
      Temps:          0       0       0       0       0       0
      Totals:         0       1       0       0       0       0
Total ram usage:        1 bytes
 Hardware stack levels used:    1
 Hardware stack levels required when called:    3
 This function calls:
		_USBCtrlTrfTxService
 This function is called by:
		_USBCtrlEPService
 This function uses a non-reentrant model


 *************** function _USBCtrlTrfTxService *****************
 Defined at:
		line 1690 in file "usb/usb_device.c"
 Parameters:    Size  Location     Type
		None
 Auto vars:     Size  Location     Type
  byteToSend      1    0[BANK0 ] unsigned char 
 Return value:  Size  Location     Type
                  1    wreg      void 
 Registers used:
		wreg, fsr1l, fsr1h, fsr2l, fsr2h, status,2, status,0, tblptrl, tblptrh, tblptru
 Tracked objects:
		On entry : 
		On exit  : 
		Unchanged: 
 Data sizes:     COMRAM   BANK0   BANK1 BANK2hl  BANK2l BANK2hh
      Params:         0       0       0       0       0       0
      Locals:         0       1       0       0       0       0
      Temps:          0       0       0       0       0       0
      Totals:         0       1       0       0       0       0
Total ram usage:        1 bytes
 Hardware stack levels used:    1
 Hardware stack levels required when called:    2
 This function calls:
		Nothing
 This function is called by:
		_USBCtrlEPAllowDataStage
		_USBCtrlTrfInHandler
 This function uses a non-reentrant model


 *************** function _SYSTEM_Initialize *****************
 Defined at:
		line 64 in file "system.c"
 Parameters:    Size  Location     Type
  state           1    wreg     enum E3653
 Auto vars:     Size  Location     Type
  state           1    0[BANK0 ] enum E3653
 Return value:  Size  Location     Type
                  1    wreg      void 
 Registers used:
		wreg, status,2, status,0
 Tracked objects:
		On entry : 
		On exit  : 
		Unchanged: 
 Data sizes:     COMRAM   BANK0   BANK1 BANK2hl  BANK2l BANK2hh
      Params:         0       0       0       0       0       0
      Locals:         0       1       0       0       0       0
      Temps:          0       0       0       0       0       0
      Totals:         0       1       0       0       0       0
Total ram usage:        1 bytes
 Hardware stack levels used:    1
 Hardware stack levels required when called:    2
 This function calls:
		Nothing
 This function is called by:
		_main
 This function uses a non-reentrant model


 *************** function _APP_DeviceAudioMIDITasks *****************
 Defined at:
		line 122 in file "app_device_audio_midi.c"
 Parameters:    Size  Location     Type
		None
 Auto vars:     Size  Location     Type
		None
 Return value:  Size  Location     Type
                  1    wreg      void 
 Registers used:
		wreg, fsr2l, fsr2h, status,2, status,0, prodl, prodh, cstack
 Tracked objects:
		On entry : 
		On exit  : 
		Unchanged: 
 Data sizes:     COMRAM   BANK0   BANK1 BANK2hl  BANK2l BANK2hh
      Params:         0       0       0       0       0       0
      Locals:         0       0       0       0       0       0
      Temps:          0       0       0       0       0       0
      Totals:         0       0       0       0       0       0
Total ram usage:        0 bytes
 Hardware stack levels used:    1
 Hardware stack levels required when called:    3
 This function calls:
		_BUTTON_IsPressed
		_USBTransferOnePacket
 This function is called by:
		_main
 This function uses a non-reentrant model


 *************** function _USBTransferOnePacket *****************
 Defined at:
		line 955 in file "usb/usb_device.c"
 Parameters:    Size  Location     Type
  ep              1    wreg     unsigned char 
  dir             1    0[BANK0 ] unsigned char 
  data            2    1[BANK0 ] PTR unsigned char 
		 -> midiData(4), ReceivedDataBuffer(64), 
  len             1    3[BANK0 ] unsigned char 
 Auto vars:     Size  Location     Type
  ep              1    8[BANK0 ] unsigned char 
  handle          2    9[BANK0 ] PTR volatile struct __BD
		 -> RAM(767), NULL(0), BDT(32), 
 Return value:  Size  Location     Type
                  2    0[BANK0 ] PTR void 
 Registers used:
		wreg, fsr2l, fsr2h, status,2, status,0, prodl, prodh
 Tracked objects:
		On entry : 
		On exit  : 
		Unchanged: 
 Data sizes:     COMRAM   BANK0   BANK1 BANK2hl  BANK2l BANK2hh
      Params:         0       4       0       0       0       0
      Locals:         0       3       0       0       0       0
      Temps:          0       4       0       0       0       0
      Totals:         0      11       0       0       0       0
Total ram usage:       11 bytes
 Hardware stack levels used:    1
 Hardware stack levels required when called:    2
 This function calls:
		Nothing
 This function is called by:
		_APP_DeviceAudioMIDIInitialize
		_APP_DeviceAudioMIDITasks
 This function uses a non-reentrant model


 *************** function _BUTTON_IsPressed *****************
 Defined at:
		line 55 in file "bsp/buttons.c"
 Parameters:    Size  Location     Type
  button          1    wreg     enum E3600
 Auto vars:     Size  Location     Type
  button          1    0[BANK0 ] enum E3600
 Return value:  Size  Location     Type
                  1    wreg      unsigned char 
 Registers used:
		wreg, status,2, status,0
 Tracked objects:
		On entry : 
		On exit  : 
		Unchanged: 
 Data sizes:     COMRAM   BANK0   BANK1 BANK2hl  BANK2l BANK2hh
      Params:         0       0       0       0       0       0
      Locals:         0       1       0       0       0       0
      Temps:          0       0       0       0       0       0
      Totals:         0       1       0       0       0       0
Total ram usage:        1 bytes
 Hardware stack levels used:    1
 Hardware stack levels required when called:    2
 This function calls:
		Nothing
 This function is called by:
		_APP_DeviceAudioMIDITasks
 This function uses a non-reentrant model


 *************** function _IRQ_Usr *****************
 Defined at:
		line 109 in file "system.c"
 Parameters:    Size  Location     Type
		None
 Auto vars:     Size  Location     Type
		None
 Return value:  Size  Location     Type
                  1    wreg      void 
 Registers used:
		wreg, status,2, status,0
 Tracked objects:
		On entry : 
		On exit  : 
		Unchanged: 
 Data sizes:     COMRAM   BANK0   BANK1 BANK2hl  BANK2l BANK2hh
      Params:         0       0       0       0       0       0
      Locals:         0       0       0       0       0       0
      Temps:         17       0       0       0       0       0
      Totals:        17       0       0       0       0       0
Total ram usage:       17 bytes
 Hardware stack levels used:    1
 Hardware stack levels required when called:    1
 This function calls:
		Nothing
 This function is called by:
		Interrupt level 1
 This function uses a non-reentrant model


 *************** function _SYS_InterruptHigh *****************
 Defined at:
		line 139 in file "system.c"
 Parameters:    Size  Location     Type
		None
 Auto vars:     Size  Location     Type
		None
 Return value:  Size  Location     Type
                  1    wreg      void 
 Registers used:
		None
 Tracked objects:
		On entry : 
		On exit  : 
		Unchanged: 
 Data sizes:     COMRAM   BANK0   BANK1 BANK2hl  BANK2l BANK2hh
      Params:         0       0       0       0       0       0
      Locals:         0       0       0       0       0       0
      Temps:         14       0       0       0       0       0
      Totals:        14       0       0       0       0       0
Total ram usage:       14 bytes
 Hardware stack levels used:    1
 This function calls:
		Nothing
 This function is called by:
		Interrupt level 2
 This function uses a non-reentrant model



MODULE INFORMATION

Module		Function		Class		Link	Load	Size
app_device_audio_midi.c
		_APP_DeviceAudioMIDITasks		CODE           	09C0	0000	369
		_APP_DeviceAudioMIDIInitialize		CODE           	1974	0000	85
		_APP_DeviceAudioMIDISOFHandler		CODE           	1C52	0000	11

app_device_audio_midi.c estimated size: 465

bsp/leds.c
		_LED_Off       		CODE           	1B20	0000	59
		_LED_On        		CODE           	1AE6	0000	59

bsp/leds.c estimated size: 118

C:\Program Files (x86)\Microchip\xc8\v1.36\sources\common\memset.c
		_memset        		CODE           	1B92	0000	53

C:\Program Files (x86)\Microchip\xc8\v1.36\sources\common\memset.c estimated size: 53

C:\Program Files (x86)\Microchip\xc8\v1.36\sources\common\memcpy.c
		_memcpy        		CODE           	1A18	0000	75

C:\Program Files (x86)\Microchip\xc8\v1.36\sources\common\memcpy.c estimated size: 75

app_led_usb_status.c
		_APP_LEDUpdateUSBStatus		CODE           	175C	0000	129

app_led_usb_status.c estimated size: 129

usb/usb_device.c
		_USBCtrlTrfInHandler		CODE           	133C	0000	205
		_USBTransferOnePacket		CODE           	0B30	0000	309
		_USBStdGetDscHandler		CODE           	0C64	0000	301
		_USBCtrlEPAllowDataStage		CODE           	16C4	0000	153
		_USBStdFeatureReqHandler		CODE           	03D6	0000	771
		_USBCtrlEPAllowStatusStage		CODE           	1408	0000	199
		_USBCtrlTrfSetupHandler		CODE           	1628	0000	157
		_USBCtrlTrfOutHandler		CODE           	18BE	0000	97
		_USBCtrlEPServiceComplete		CODE           	0FBE	0000	243
		_USBSuspend    		CODE           	1B5A	0000	57
		_USBStdSetCfgHandler		CODE           	0EB8	0000	263
		_USBStdGetStatusHandler		CODE           	14CE	0000	183
		_USBWakeFromSuspend		CODE           	1AA8	0000	63
		_USBCtrlTrfRxService		CODE           	0D90	0000	297
		_USBCtrlTrfTxService		CODE           	1192	0000	223
		_USBEnableEndpoint		CODE           	19C8	0000	81
		_USBConfigureEndpoint		CODE           	1270	0000	205
		_USBDeviceInit 		CODE           	0850	0000	369
		_USBIncrement1msInternalTimers		CODE           	1BF0	0000	41
		_USBCtrlEPService		CODE           	1584	0000	165
		_USBStallHandler		CODE           	1A62	0000	71
		_USBDeviceTasks		CODE           	06D8	0000	377
		_USBCheckStdRequest		CODE           	10B0	0000	227

usb/usb_device.c estimated size: 5057

shared
		_configDescriptor1		SMALLCONST     	0309	0000	102
		_USB_CD_Ptr    		SMALLCONST     	0307	0000	3
		_sd001         		SMALLCONST     	036E	0000	45
		_sd002         		SMALLCONST     	039A	0000	27
		__initialization		CODE           	1C18	0000	25
		_device_dsc    		SMALLCONST     	03B4	0000	19
		_USB_SD_Ptr    		SMALLCONST     	0301	0000	7
		_sd000         		SMALLCONST     	03C6	0000	5

shared estimated size: 233

bsp/buttons.c
		_BUTTON_IsPressed		CODE           	1BC6	0000	43

bsp/buttons.c estimated size: 43

usb_events.c
		_USER_USB_CALLBACK_EVENT_HANDLER		CODE           	17DC	0000	119

usb_events.c estimated size: 119

main.c
		_main          		CODE           	1C3E	0000	21

main.c estimated size: 21

system.c
		_SYS_InterruptHigh		CODE           	0008	0000	123
		_SYSTEM_Initialize		CODE           	191E	0000	87
		_IRQ_Usr       		CODE           	0018	0000	193

system.c estimated size: 403

